Component: ARM Compiler 5.06 update 7 (build 960) Tool: armlink [4d3601]

==============================================================================

Section Cross References

    hardware_init.o(i.ADC_init) refers to lks32mc03x_adc.o(i.ADC_StructInit) for ADC_StructInit
    hardware_init.o(i.ADC_init) refers to lks32mc03x_adc.o(i.ADC_Init) for ADC_Init
    hardware_init.o(i.ADC_init) refers to signalchain_sample.o(i.ADC_NormalModeCFG) for ADC_NormalModeCFG
    hardware_init.o(i.CMP_init) refers to lks32mc03x_cmp.o(i.CMP_StructInit) for CMP_StructInit
    hardware_init.o(i.CMP_init) refers to lks32mc03x_sys.o(i.SYS_AnalogModuleClockCmd) for SYS_AnalogModuleClockCmd
    hardware_init.o(i.CMP_init) refers to lks32mc03x_cmp.o(i.CMP_Init) for CMP_Init
    hardware_init.o(i.DAC_Init) refers to lks32mc03x_sys.o(i.SYS_AnalogModuleClockCmd) for SYS_AnalogModuleClockCmd
    hardware_init.o(i.DebugPWM_OutputFunction) refers to lks32mc03x_mcpwm.o(i.PWMOutputs) for PWMOutputs
    hardware_init.o(i.GPIO_init) refers to lks32mc03x_gpio.o(i.GPIO_StructInit) for GPIO_StructInit
    hardware_init.o(i.GPIO_init) refers to lks32mc03x_gpio.o(i.GPIO_Init) for GPIO_Init
    hardware_init.o(i.GPIO_init) refers to lks32mc03x_gpio.o(i.GPIO_PinAFConfig) for GPIO_PinAFConfig
    hardware_init.o(i.HALL_Perip_Init) refers to lks32mc03x_sys.o(i.SYS_ModuleClockCmd) for SYS_ModuleClockCmd
    hardware_init.o(i.HALL_Perip_Init) refers to lks32mc03x_hall.o(i.HALL_StructInit) for HALL_StructInit
    hardware_init.o(i.HALL_Perip_Init) refers to lks32mc03x_hall.o(i.HALL_Init) for HALL_Init
    hardware_init.o(i.Hardware_init) refers to lks32mc03x_sys.o(i.SYS_ModuleClockCmd) for SYS_ModuleClockCmd
    hardware_init.o(i.Hardware_init) refers to hardware_init.o(i.ADC_init) for ADC_init
    hardware_init.o(i.Hardware_init) refers to hardware_init.o(i.MCPWM_init) for MCPWM_init
    hardware_init.o(i.Hardware_init) refers to hardware_init.o(i.UTimer_init) for UTimer_init
    hardware_init.o(i.Hardware_init) refers to hardware_init.o(i.GPIO_init) for GPIO_init
    hardware_init.o(i.Hardware_init) refers to hardware_init.o(i.DAC_Init) for DAC_Init
    hardware_init.o(i.Hardware_init) refers to hardware_init.o(i.PGA_Init) for PGA_Init
    hardware_init.o(i.Hardware_init) refers to hardware_init.o(i.I2C_init) for I2C_init
    hardware_init.o(i.Hardware_init) refers to hardware_init.o(i.CMP_init) for CMP_init
    hardware_init.o(i.Hardware_init) refers to hardware_init.o(i.HALL_Perip_Init) for HALL_Perip_Init
    hardware_init.o(i.Hardware_init) refers to hardware_init.o(i.TempSensor_Init) for TempSensor_Init
    hardware_init.o(i.Hardware_init) refers to task_scheduler.o(i.SoftDelay) for SoftDelay
    hardware_init.o(i.Hardware_init) refers to hardware_init.o(i.__NVIC_SetPriority) for __NVIC_SetPriority
    hardware_init.o(i.Hardware_init) refers to hardware_init.o(i.__NVIC_EnableIRQ) for __NVIC_EnableIRQ
    hardware_init.o(i.Hardware_init) refers to hardware_init.o(i.__NVIC_DisableIRQ) for __NVIC_DisableIRQ
    hardware_init.o(i.I2C_init) refers to lks32mc03x_i2c.o(i.I2C_StructInit) for I2C_StructInit
    hardware_init.o(i.I2C_init) refers to lks32mc03x_i2c.o(i.I2C_Init) for I2C_Init
    hardware_init.o(i.MCPWM_init) refers to lks32mc03x_mcpwm.o(i.MCPWM_StructInit) for MCPWM_StructInit
    hardware_init.o(i.MCPWM_init) refers to lks32mc03x_mcpwm.o(i.MCPWM_Init) for MCPWM_Init
    hardware_init.o(i.MCPWM_init) refers to global_variable.o(.bss) for mIPD_CtrProc
    hardware_init.o(i.PGA_Init) refers to lks32mc03x_sys.o(i.SYS_AnalogModuleClockCmd) for SYS_AnalogModuleClockCmd
    hardware_init.o(i.SystemInit) refers to hardware_init.o(i.Clock_Init) for Clock_Init
    hardware_init.o(i.TempSensor_Init) refers to lks32mc03x_sys.o(i.SYS_AnalogModuleClockCmd) for SYS_AnalogModuleClockCmd
    hardware_init.o(i.UART_init) refers to lks32mc03x_uart.o(i.UART_StructInit) for UART_StructInit
    hardware_init.o(i.UART_init) refers to lks32mc03x_uart.o(i.UART_Init) for UART_Init
    hardware_init.o(i.UTimer_init) refers to lks32mc03x_timer.o(i.TIM_TimerStrutInit) for TIM_TimerStrutInit
    hardware_init.o(i.UTimer_init) refers to lks32mc03x_timer.o(i.TIM_TimerInit) for TIM_TimerInit
    interrupt.o(i.ADC_IRQHandler) refers to foc_drive.o(i.FOC_Model) for FOC_Model
    interrupt.o(i.ADC_IRQHandler) refers to fluxobserve.o(i.DcVoltPerUnitCalcInt) for DcVoltPerUnitCalcInt
    interrupt.o(i.ADC_IRQHandler) refers to fault_detection.o(i.CurrentAmplitudeCalc) for CurrentAmplitudeCalc
    interrupt.o(i.ADC_IRQHandler) refers to fault_detection.o(i.FaultCurrentCheck) for FaultCurrentCheck
    interrupt.o(i.ADC_IRQHandler) refers to heatcontrol.o(i.HeaterControl) for HeaterControl
    interrupt.o(i.ADC_IRQHandler) refers to lks32mc03x_mcpwm.o(i.PWMOutputs) for PWMOutputs
    interrupt.o(i.ADC_IRQHandler) refers to global_variable.o(.bss) for struFOC_CtrProc
    interrupt.o(i.ADC_IRQHandler) refers to global_variable.o(.bss) for struTaskScheduler
[...]
    t_nFlagCheck                             0x2000000e   Data           2  fault_detection.o(.data)
    .data                                    0x20000018   Section       12  heatcontrol.o(.data)
    .data                                    0x20000024   Section        4  foc_drive.o(.data)
    .data                                    0x20000028   Section        1  lks32mc03x_i2c.o(.data)
    i2c_dma_state                            0x20000028   Data           1  lks32mc03x_i2c.o(.data)
    .data                                    0x2000002c   Section       76  user_app.o(.data)
    FunStateCnt                              0x20000046   Data           2  user_app.o(.data)
    Temp_adc_get_temp                        0x20000048   Data           2  user_app.o(.data)
    Temp_adc_get                             0x2000004a   Data           2  user_app.o(.data)
    .data                                    0x20000078   Section       10  lcd.o(.data)
    gr                                       0x2000007b   Data           7  lcd.o(.data)
    .data                                    0x20000084   Section        4  button.o(.data)
    Head_Button                              0x20000084   Data           4  button.o(.data)
    .data                                    0x20000088   Section      104  fluxobserve.o(.data)
    motorControlFlag                         0x20000088   Data           1  fluxobserve.o(.data)
    iThetaErr                                0x200000a2   Data           2  fluxobserve.o(.data)
    iThetaErr1                               0x200000a4   Data           2  fluxobserve.o(.data)
    m_UmRohRef_1                             0x200000a6   Data           2  fluxobserve.o(.data)
    s32_udc_filt                             0x200000cc   Data           4  fluxobserve.o(.data)
    .data                                    0x200000f0   Section       62  onthefly.o(.data)
    sDppAccCnt                               0x200000f0   Data           1  onthefly.o(.data)
    sDppAccCnt                               0x200000f1   Data           1  onthefly.o(.data)
    BEMF_electAngleOld                       0x200000f4   Data           2  onthefly.o(.data)
    s16Dpp                                   0x200000f6   Data           2  onthefly.o(.data)
    m_Uab                                    0x200000f8   Data           2  onthefly.o(.data)
    m_Ubc                                    0x200000fa   Data           2  onthefly.o(.data)
    m_Uca                                    0x200000fc   Data           2  onthefly.o(.data)
    m_Ua                                     0x200000fe   Data           2  onthefly.o(.data)
    m_Ub                                     0x20000100   Data           2  onthefly.o(.data)
    m_Uc                                     0x20000102   Data           2  onthefly.o(.data)
    m_Ubt                                    0x20000104   Data           2  onthefly.o(.data)
    s32Dpp                                   0x20000114   Data           4  onthefly.o(.data)
    s32MotorCurrentMagfilt                   0x20000118   Data           4  onthefly.o(.data)
    s32MotorCurrentMagfilt1                  0x2000011c   Data           4  onthefly.o(.data)
    s32MotorCurrentMagDifAvg                 0x20000120   Data           4  onthefly.o(.data)
    .bss                                     0x20000130   Section       20  global_variable.o(.bss)
    .bss                                     0x20000144   Section       16  global_variable.o(.bss)
    .bss                                     0x20000154   Section      236  global_variable.o(.bss)
    .bss                                     0x20000240   Section       64  global_variable.o(.bss)
    .bss                                     0x20000280   Section       68  global_variable.o(.bss)
    .bss                                     0x200002c8   Section       88  global_variable.o(.bss)
    .bss                                     0x20000320   Section       36  global_variable.o(.bss)
    .bss                                     0x20000344   Section       24  global_variable.o(.bss)
    .bss                                     0x2000035c   Section       32  global_variable.o(.bss)
    .bss                                     0x2000037c   Section       32  global_variable.o(.bss)
    .bss                                     0x2000039c   Section       32  global_variable.o(.bss)
    .bss                                     0x200003bc   Section       32  global_variable.o(.bss)
    .bss                                     0x200003dc   Section       14  state_machine.o(.bss)
    .bss                                     0x200003ec   Section      182  fault_detection.o(.bss)
    .bss                                     0x200004a8   Section      112  powercalculation.o(.bss)
    .bss                                     0x20000518   Section      104  heatcontrol.o(.bss)
    .bss                                     0x20000580   Section      116  user_app.o(.bss)
    .bss                                     0x200005f4   Section      184  fluxobserve.o(.bss)
    .bss                                     0x200006ac   Section       96  libspace.o(.bss)
    HEAP                                     0x20000710   Section      512  startup_lks32mc03x.o(HEAP)
    Heap_Mem                                 0x20000710   Data         512  startup_lks32mc03x.o(HEAP)
    STACK                                    0x20000910   Section     1024  startup_lks32mc03x.o(STACK)
    Stack_Mem                                0x20000910   Data        1024  startup_lks32mc03x.o(STACK)
    __initial_sp                             0x20000d10   Data           0  startup_lks32mc03x.o(STACK)

    Global Symbols

    Symbol Name                              Value     Ov Type        Size  Object(Section)

    BuildAttributes$$THM_ISAv3M$S$PE$A:L22$X:L11$S22$IEEE1$IW$USESV6$~STKCKD$USESV7$~SHL$OSPACE$ROPI$EBA8$UX$STANDARDLIB$REQ8$PRES8$EABIv2 0x00000000   Number         0  anon$$obj.o ABSOLUTE
    __ARM_use_no_argv                        0x00000000   Number         0  main.o ABSOLUTE
    __Vectors                                0x00000000   Data           4  startup_lks32mc03x.o(RESET)
    __ARM_exceptions_init                     - Undefined Weak Reference
    __alloca_initialize                       - Undefined Weak Reference
    __arm_fini_                               - Undefined Weak Reference
    __arm_preinit_                            - Undefined Weak Reference
    __cpp_initialize__aeabi_                  - Undefined Weak Reference
    __cxa_finalize                            - Undefined Weak Reference
    __rt_locale                               - Undefined Weak Reference
    __sigvec_lookup                           - Undefined Weak Reference
    _atexit_init                              - Undefined Weak Reference
    _call_atexit_fns                          - Undefined Weak Reference
    _clock_init                               - Undefined Weak Reference
    _fp_trap_init                             - Undefined Weak Reference
    _fp_trap_shutdown                         - Undefined Weak Reference
    _get_lc_collate                           - Undefined Weak Reference
    _get_lc_ctype                             - Undefined Weak Reference
    _get_lc_monetary                          - Undefined Weak Reference
    _get_lc_numeric                           - Undefined Weak Reference
    _get_lc_time                              - Undefined Weak Reference
    _getenv_init                              - Undefined Weak Reference
    _handle_redirection                       - Undefined Weak Reference
    _init_alloc                               - Undefined Weak Reference
    _init_user_alloc                          - Undefined Weak Reference
    _initio                                   - Undefined Weak Reference
    _rand_init                                - Undefined Weak Reference
    _signal_finish                            - Undefined Weak Reference
    _signal_init                              - Undefined Weak Reference
    _terminate_alloc                          - Undefined Weak Reference
    _terminate_user_alloc                     - Undefined Weak Reference
    _terminateio                              - Undefined Weak Reference
    __Vectors_End                            0x000000c0   Data           0  startup_lks32mc03x.o(RESET)
    __Vectors_Size                           0x000000c0   Number         0  startup_lks32mc03x.o ABSOLUTE
    __main                                   0x000000c1   Thumb Code     8  __main.o(!!!main)
    __scatterload                            0x000000c9   Thumb Code     0  __scatter.o(!!!scatter)
    __scatterload_rt2                        0x000000c9   Thumb Code    52  __scatter.o(!!!scatter)
    __scatterload_rt2_thumb_only             0x000000c9   Thumb Code     0  __scatter.o(!!!scatter)
    __scatterload_null                       0x000000d9   Thumb Code     0  __scatter.o(!!!scatter)
    __scatterload_zeroinit                   0x00000105   Thumb Code    28  __scatter_zi.o(!!handler_zi)
    __rt_lib_init                            0x00000121   Thumb Code     0  libinit.o(.ARM.Collect$$libinit$$00000000)
    __rt_lib_init_alloca_1                   0x00000123   Thumb Code     0  libinit2.o(.ARM.Collect$$libinit$$0000002E)
    __rt_lib_init_argv_1                     0x00000123   Thumb Code     0  libinit2.o(.ARM.Collect$$libinit$$0000002C)
    __rt_lib_init_atexit_1                   0x00000123   Thumb Code     0  libinit2.o(.ARM.Collect$$libinit$$0000001B)
    __rt_lib_init_clock_1                    0x00000123   Thumb Code     0  libinit2.o(.ARM.Collect$$libinit$$00000021)
    __rt_lib_init_cpp_1                      0x00000123   Thumb Code     0  libinit2.o(.ARM.Collect$$libinit$$00000032)
    __rt_lib_init_exceptions_1               0x00000123   Thumb Code     0  libinit2.o(.ARM.Collect$$libinit$$00000030)
    __rt_lib_init_fp_1                       0x00000123   Thumb Code     0  libinit2.o(.ARM.Collect$$libinit$$00000002)
    __rt_lib_init_fp_trap_1                  0x00000123   Thumb Code     0  libinit2.o(.ARM.Collect$$libinit$$0000001F)
    __rt_lib_init_getenv_1                   0x00000123   Thumb Code     0  libinit2.o(.ARM.Collect$$libinit$$00000023)
    __rt_lib_init_heap_1                     0x00000123   Thumb Code     0  libinit2.o(.ARM.Collect$$libinit$$0000000A)
    __rt_lib_init_lc_collate_1               0x00000123   Thumb Code     0  libinit2.o(.ARM.Collect$$libinit$$00000011)
    __rt_lib_init_lc_ctype_1                 0x00000123   Thumb Code     0  libinit2.o(.ARM.Collect$$libinit$$00000013)
    __rt_lib_init_lc_monetary_1              0x00000123   Thumb Code     0  libinit2.o(.ARM.Collect$$libinit$$00000015)
    __rt_lib_init_lc_numeric_1               0x00000123   Thumb Code     0  libinit2.o(.ARM.Collect$$libinit$$00000017)
    __rt_lib_init_lc_time_1                  0x00000123   Thumb Code     0  libinit2.o(.ARM.Collect$$libinit$$00000019)
    __rt_lib_init_preinit_1                  0x00000123   Thumb Code     0  libinit2.o(.ARM.Collect$$libinit$$00000004)
    __rt_lib_init_rand_1                     0x00000123   Thumb Code     0  libinit2.o(.ARM.Collect$$libinit$$0000000E)
    __rt_lib_init_return                     0x00000123   Thumb Code     0  libinit2.o(.ARM.Collect$$libinit$$00000033)
    __rt_lib_init_signal_1                   0x00000123   Thumb Code     0  libinit2.o(.ARM.Collect$$libinit$$0000001D)
    __rt_lib_init_stdio_1                    0x00000123   Thumb Code     0  libinit2.o(.ARM.Collect$$libinit$$00000025)
    __rt_lib_init_user_alloc_1               0x00000123   Thumb Code     0  libinit2.o(.ARM.Collect$$libinit$$0000000C)
    __rt_lib_shutdown                        0x00000125   Thumb Code     0  libshutdown.o(.ARM.Collect$$libshutdown$$00000000)
    __rt_lib_shutdown_cpp_1                  0x00000127   Thumb Code     0  libshutdown2.o(.ARM.Collect$$libshutdown$$00000004)
    __rt_lib_shutdown_fini_1                 0x00000127   Thumb Code     0  libshutdown2.o(.ARM.Collect$$libshutdown$$00000002)
    __rt_lib_shutdown_fp_trap_1              0x00000127   Thumb Code     0  libshutdown2.o(.ARM.Collect$$libshutdown$$00000009)
    __rt_lib_shutdown_heap_1                 0x00000127   Thumb Code     0  libshutdown2.o(.ARM.Collect$$libshutdown$$00000011)
    __rt_lib_shutdown_return                 0x00000127   Thumb Code     0  libshutdown2.o(.ARM.Collect$$libshutdown$$00000012)
    __rt_lib_shutdown_signal_1               0x00000127   Thumb Code     0  libshutdown2.o(.ARM.Collect$$libshutdown$$0000000C)
    __rt_lib_shutdown_stdio_1                0x00000127   Thumb Code     0  libshutdown2.o(.ARM.Collect$$libshutdown$$00000006)
    __rt_lib_shutdown_user_alloc_1           0x00000127   Thumb Code     0  libshutdown2.o(.ARM.Collect$$libshutdown$$0000000E)
    __rt_entry                               0x00000129   Thumb Code     0  __rtentry.o(.ARM.Collect$$rtentry$$00000000)
    __rt_entry_presh_1                       0x00000129   Thumb Code     0  __rtentry2.o(.ARM.Collect$$rtentry$$00000002)
    __rt_entry_sh                            0x00000129   Thumb Code     0  __rtentry4.o(.ARM.Collect$$rtentry$$00000004)
    __rt_entry_li                            0x0000012f   Thumb Code     0  __rtentry2.o(.ARM.Collect$$rtentry$$0000000A)
    __rt_entry_postsh_1                      0x0000012f   Thumb Code     0  __rtentry2.o(.ARM.Collect$$rtentry$$00000009)
    __rt_entry_main                          0x00000133   Thumb Code     0  __rtentry2.o(.ARM.Collect$$rtentry$$0000000D)
    __rt_entry_postli_1                      0x00000133   Thumb Code     0  __rtentry2.o(.ARM.Collect$$rtentry$$0000000C)
    __rt_exit                                0x0000013b   Thumb Code     0  rtexit.o(.ARM.Collect$$rtexit$$00000000)
    __rt_exit_ls                             0x0000013d   Thumb Code     0  rtexit2.o(.ARM.Collect$$rtexit$$00000003)
    __rt_exit_prels_1                        0x0000013d   Thumb Code     0  rtexit2.o(.ARM.Collect$$rtexit$$00000002)
    __rt_exit_exit                           0x00000141   Thumb Code     0  rtexit2.o(.ARM.Collect$$rtexit$$00000004)
    __aeabi_memcpy4                          0x00000149   Thumb Code    56  rt_memcpy.o(.emb_text)
    __aeabi_memcpy8                          0x00000149   Thumb Code     0  rt_memcpy.o(.emb_text)
    Reset_Handler                            0x00000181   Thumb Code    14  startup_lks32mc03x.o(.text)
    NMI_Handler                              0x0000018f   Thumb Code     2  startup_lks32mc03x.o(.text)
    HardFault_Handler                        0x00000191   Thumb Code     2  startup_lks32mc03x.o(.text)
    SVC_Handler                              0x00000193   Thumb Code     2  startup_lks32mc03x.o(.text)
    PendSV_Handler                           0x00000195   Thumb Code     2  startup_lks32mc03x.o(.text)
    __user_initial_stackheap                 0x0000019d   Thumb Code     0  startup_lks32mc03x.o(.text)
    __aeabi_llsl                             0x000001c5   Thumb Code    32  llshl.o(.text)
    _ll_shift_l                              0x000001c5   Thumb Code     0  llshl.o(.text)
    __aeabi_lasr                             0x000001e5   Thumb Code    38  llsshr.o(.text)
    _ll_sshift_r                             0x000001e5   Thumb Code     0  llsshr.o(.text)
    __aeabi_lmul                             0x0000020b   Thumb Code    48  llmul.o(.text)
    _ll_mul                                  0x0000020b   Thumb Code     0  llmul.o(.text)
    __aeabi_ldivmod                          0x0000023b   Thumb Code   112  llsdiv.o(.text)
    _ll_sdiv                                 0x0000023b   Thumb Code     0  llsdiv.o(.text)
    __aeabi_memcpy                           0x000002ab   Thumb Code   130  rt_memcpy.o(.text)
    __rt_memcpy                              0x000002ab   Thumb Code     0  rt_memcpy.o(.text)
    _memset_w                                0x0000032d   Thumb Code    26  rt_memclr.o(.text)
    _memset                                  0x00000347   Thumb Code    30  rt_memclr.o(.text)
    __aeabi_memclr                           0x00000365   Thumb Code     4  rt_memclr.o(.text)
    __rt_memclr                              0x00000365   Thumb Code     0  rt_memclr.o(.text)
    __aeabi_memclr4                          0x00000369   Thumb Code     0  rt_memclr.o(.text)
    __aeabi_memclr8                          0x00000369   Thumb Code     0  rt_memclr.o(.text)
    __rt_memclr_w                            0x00000369   Thumb Code     4  rt_memclr.o(.text)
    __aeabi_uidiv                            0x0000036d   Thumb Code     0  aeabi_sdiv.o(.text)
    __aeabi_uidivmod                         0x0000036d   Thumb Code    20  aeabi_sdiv.o(.text)
    __aeabi_idiv                             0x00000381   Thumb Code     0  aeabi_sdiv.o(.text)
    __aeabi_idivmod                          0x00000381   Thumb Code   326  aeabi_sdiv.o(.text)
    __use_two_region_memory                  0x000004c7   Thumb Code     2  heapauxi.o(.text)
    __rt_heap_escrow$2region                 0x000004c9   Thumb Code     2  heapauxi.o(.text)
    __rt_heap_expand$2region                 0x000004cb   Thumb Code     2  heapauxi.o(.text)
    __aeabi_d2f                              0x000004cd   Thumb Code     0  d2f.o(.text)
    _d2f                                     0x000004cd   Thumb Code   120  d2f.o(.text)
    __aeabi_dadd                             0x00000841   Thumb Code     0  daddsub.o(.text)
    _dadd                                    0x00000841   Thumb Code    26  daddsub.o(.text)
    __aeabi_dsub                             0x0000085b   Thumb Code     0  daddsub.o(.text)
    _dsub                                    0x0000085b   Thumb Code    22  daddsub.o(.text)
    __aeabi_drsub                            0x00000871   Thumb Code     0  daddsub.o(.text)
    _drsb                                    0x00000871   Thumb Code    28  daddsub.o(.text)
    __aeabi_ddiv                             0x000008a1   Thumb Code     0  ddiv.o(.text)
    _ddiv                                    0x000008a1   Thumb Code  1072  ddiv.o(.text)
    _drdiv                                   0x00000cd1   Thumb Code    20  ddiv.o(.text)
    __aeabi_d2iz                             0x00000ce9   Thumb Code     0  dfixi.o(.text)
    _dfix                                    0x00000ce9   Thumb Code    98  dfixi.o(.text)
    __aeabi_d2uiz                            0x00000d55   Thumb Code     0  dfixui.o(.text)
    _dfixu                                   0x00000d55   Thumb Code    68  dfixui.o(.text)
    __aeabi_i2d_normalise                    0x00000d9d   Thumb Code    66  dflti.o(.text)
    __aeabi_i2d                              0x00000ddf   Thumb Code    16  dflti.o(.text)
    _dflt                                    0x00000ddf   Thumb Code     0  dflti.o(.text)
    __aeabi_ui2d                             0x00000def   Thumb Code     6  dflti.o(.text)
    _dfltu                                   0x00000def   Thumb Code     0  dflti.o(.text)
    __aeabi_l2d_normalise                    0x00000df5   Thumb Code   104  dfltl.o(.text)
    __aeabi_l2d                              0x00000e5d   Thumb Code    20  dfltl.o(.text)
    _ll_sto_d                                0x00000e5d   Thumb Code     0  dfltl.o(.text)
    __aeabi_ul2d                             0x00000e71   Thumb Code     4  dfltl.o(.text)
    _ll_uto_d                                0x00000e71   Thumb Code     0  dfltl.o(.text)
    __aeabi_dmul                             0x00000e79   Thumb Code     0  dmul.o(.text)
    _dmul                                    0x00000e79   Thumb Code   558  dmul.o(.text)
    __aeabi_f2d                              0x000010c1   Thumb Code     0  f2d.o(.text)
    _f2d                                     0x000010c1   Thumb Code    80  f2d.o(.text)
    __aeabi_fdiv                             0x00001115   Thumb Code     0  fdiv.o(.text)
    _fdiv                                    0x00001115   Thumb Code   334  fdiv.o(.text)
    _frdiv                                   0x00001263   Thumb Code     8  fdiv.o(.text)
    __aeabi_f2iz                             0x00001275   Thumb Code     0  ffixi.o(.text)
    _ffix                                    0x00001275   Thumb Code    76  ffixi.o(.text)
    __aeabi_i2f_normalise                    0x000012c1   Thumb Code    72  fflti.o(.text)
    __aeabi_i2f                              0x00001309   Thumb Code    16  fflti.o(.text)
    _fflt                                    0x00001309   Thumb Code     0  fflti.o(.text)
    __aeabi_ui2f                             0x00001319   Thumb Code     6  fflti.o(.text)
    _ffltu                                   0x00001319   Thumb Code     0  fflti.o(.text)
    __aeabi_uldivmod                         0x0000131f   Thumb Code   258  lludiv.o(.text)
    _ll_udiv                                 0x0000131f   Thumb Code     0  lludiv.o(.text)
    __user_setup_stackheap                   0x00001421   Thumb Code    62  sys_stackheap_outer.o(.text)
    exit                                     0x0000145f   Thumb Code    16  exit.o(.text)
    __user_libspace                          0x00001471   Thumb Code     8  libspace.o(.text)
    __user_perproc_libspace                  0x00001471   Thumb Code     0  libspace.o(.text)
    __user_perthread_libspace                0x00001471   Thumb Code     0  libspace.o(.text)
    _sys_exit                                0x00001479   Thumb Code     8  sys_exit.o(.text)
    __I$use$semihosting                      0x00001485   Thumb Code     0  use_no_semi.o(.text)
    __use_no_semihosting_swi                 0x00001485   Thumb Code     2  use_no_semi.o(.text)
    __decompress                             0x00001487   Thumb Code     0  __dczerorl.o(.text)
    __decompress0                            0x00001487   Thumb Code    58  __dczerorl.o(.text)
    __semihosting_library_function           0x00001487   Thumb Code     0  indicate_semi.o(.text)
    ADC_IRQHandler                           0x000014c1   Thumb Code   126  interrupt.o(i.ADC_IRQHandler)
    ADC_Init                                 0x00001569   Thumb Code    72  lks32mc03x_adc.o(i.ADC_Init)
    ADC_NormalModeCFG                        0x000015b1   Thumb Code    30  signalchain_sample.o(i.ADC_NormalModeCFG)
    ADC_StructInit                           0x000015dd   Thumb Code    32  lks32mc03x_adc.o(i.ADC_StructInit)
    ADC_init                                 0x000015fd   Thumb Code    76  hardware_init.o(i.ADC_init)
    AdcSampleCal                             0x00001655   Thumb Code    78  foc_drive.o(i.AdcSampleCal)
    App2CoreCurTrans                         0x000016c1   Thumb Code    12  app2core.o(i.App2CoreCurTrans)
    App2CoreFreqTrans                        0x000016d1   Thumb Code    12  app2core.o(i.App2CoreFreqTrans)
    AutoFieldWeakReg                         0x000016e1   Thumb Code    78  fluxobserve.o(i.AutoFieldWeakReg)
    Btn1_Dowm_CallBack                       0x0000173d   Thumb Code    42  user_app.o(i.Btn1_Dowm_CallBack)
    Button_Attach                            0x0000176d   Thumb Code    30  button.o(i.Button_Attach)
    Button_Create                            0x0000178b   Thumb Code   100  button.o(i.Button_Create)
    Button_Cycle_Process                     0x000017ef   Thumb Code   318  button.o(i.Button_Cycle_Process)
    Button_Process                           0x0000192d   Thumb Code    22  button.o(i.Button_Process)
    CMP_IRQHandler                           0x00001949   Thumb Code    88  interrupt.o(i.CMP_IRQHandler)
    CMP_Init                                 0x000019ad   Thumb Code   206  lks32mc03x_cmp.o(i.CMP_Init)
    CMP_StructInit                           0x00001a8d   Thumb Code    64  lks32mc03x_cmp.o(i.CMP_StructInit)
    CMP_init                                 0x00001acd   Thumb Code    76  hardware_init.o(i.CMP_init)
    Clock_Init                               0x00001b19   Thumb Code    26  hardware_init.o(i.Clock_Init)
    CurrentAmplitudeCalc                     0x00001b41   Thumb Code    94  fault_detection.o(i.CurrentAmplitudeCalc)
    CurrentLoopAxisD_Set                     0x00001ba1   Thumb Code    56  state_machine.o(i.CurrentLoopAxisD_Set)
    CurrentLoopAxisQ_Set                     0x00001be1   Thumb Code    56  state_machine.o(i.CurrentLoopAxisQ_Set)
    CurrentLoopReg                           0x00001c21   Thumb Code    66  foc_drive.o(i.CurrentLoopReg)
    CurrentMagCalc                           0x00001c69   Thumb Code    16  mc_math.o(i.CurrentMagCalc)
    CurrentOffsetCalibration                 0x00001c7d   Thumb Code   228  system_init.o(i.CurrentOffsetCalibration)
    CurrentPIRegulator                       0x00001d7d   Thumb Code    52  pid_regulators.o(i.CurrentPIRegulator)
    DAC_Init                                 0x00001db1   Thumb Code    18  hardware_init.o(i.DAC_Init)
    DMA_CHx_EN                               0x00001dc3   Thumb Code    24  lks32mc03x_dma.o(i.DMA_CHx_EN)
    DMA_IRQHandler                           0x00001ddb   Thumb Code     2  interrupt.o(i.DMA_IRQHandler)
    DMA_Init                                 0x00001ddd   Thumb Code   122  lks32mc03x_dma.o(i.DMA_Init)
    DcVoltPerUnitCalc                        0x00001e61   Thumb Code    60  fluxobserve.o(i.DcVoltPerUnitCalc)
    DcVoltPerUnitCalcInt                     0x00001ead   Thumb Code    62  fluxobserve.o(i.DcVoltPerUnitCalcInt)
    EraseSector                              0x00001f05   Thumb Code    98  lks32mc03x_flash.o(i.EraseSector)
    EraseWriteFlash                          0x00001f91   Thumb Code    58  user_app.o(i.EraseWriteFlash)
    FOC_InitstruParam                        0x00001fdd   Thumb Code    88  foc_drive.o(i.FOC_InitstruParam)
    FOC_Model                                0x00002049   Thumb Code   150  foc_drive.o(i.FOC_Model)
    FWLoopPIReg                              0x000020e9   Thumb Code    64  fluxobserve.o(i.FWLoopPIReg)
    FaultCheck                               0x00002129   Thumb Code   182  fault_detection.o(i.FaultCheck)
    FaultCurrentCheck                        0x00002201   Thumb Code    62  fault_detection.o(i.FaultCurrentCheck)
    FaultInit                                0x00002249   Thumb Code   208  fault_detection.o(i.FaultInit)
    FaultPhaseCheck                          0x00002341   Thumb Code    82  fault_detection.o(i.FaultPhaseCheck)
    FaultRecover                             0x000023a1   Thumb Code   110  fault_detection.o(i.FaultRecover)
    FaultRecoverInit                         0x00002421   Thumb Code    52  fault_detection.o(i.FaultRecoverInit)
    FaultStallCheck                          0x00002465   Thumb Code   440  fault_detection.o(i.FaultStallCheck)
    FaultStartCheck                          0x0000262d   Thumb Code   174  fault_detection.o(i.FaultStartCheck)
    FaultTempCheck                           0x000026fd   Thumb Code     2  fault_detection.o(i.FaultTempCheck)
    FaultVoltageCheck                        0x00002701   Thumb Code   102  fault_detection.o(i.FaultVoltageCheck)
    FindQNum                                 0x00002775   Thumb Code    28  fluxobserve.o(i.FindQNum)
    FluxObserveInit                          0x00002791   Thumb Code    74  system_init.o(i.FluxObserveInit)
    FluxObserveParaCalc                      0x000027f5   Thumb Code  1582  fluxobserve.o(i.FluxObserveParaCalc)
    Flux_OBS_ParaInit                        0x00002e51   Thumb Code    30  fluxobserve.o(i.Flux_OBS_ParaInit)
    FunStateCharge                           0x00002e79   Thumb Code   162  user_app.o(i.FunStateCharge)
    GPIO_IRQHandler                          0x00002f29   Thumb Code     2  interrupt.o(i.GPIO_IRQHandler)
    GPIO_Init                                0x00002f2b   Thumb Code   128  lks32mc03x_gpio.o(i.GPIO_Init)
    GPIO_PinAFConfig                         0x00002fad   Thumb Code   226  lks32mc03x_gpio.o(i.GPIO_PinAFConfig)
    GPIO_ReadInputDataBit                    0x00003099   Thumb Code    14  lks32mc03x_gpio.o(i.GPIO_ReadInputDataBit)
    GPIO_ResetBits                           0x000030a7   Thumb Code     4  lks32mc03x_gpio.o(i.GPIO_ResetBits)
    GPIO_SetBits                             0x000030ab   Thumb Code     4  lks32mc03x_gpio.o(i.GPIO_SetBits)
    GPIO_StructInit                          0x000030af   Thumb Code    12  lks32mc03x_gpio.o(i.GPIO_StructInit)
    GPIO_init                                0x000030bd   Thumb Code    90  hardware_init.o(i.GPIO_init)
    GetHeartNTCTemp                          0x0000311d   Thumb Code    48  user_app.o(i.GetHeartNTCTemp)
    GetVdcSpeed                              0x00003159   Thumb Code    96  user_app.o(i.GetVdcSpeed)
    Get_Power                                0x000031d1   Thumb Code    16  user_app.o(i.Get_Power)
    Get_tempreture_num                       0x000031e9   Thumb Code    60  user_app.o(i.Get_tempreture_num)
    HALL_IRQHandler                          0x0000323d   Thumb Code     2  interrupt.o(i.HALL_IRQHandler)
    HALL_Init                                0x00003241   Thumb Code    76  lks32mc03x_hall.o(i.HALL_Init)
    HALL_Perip_Init                          0x00003291   Thumb Code    54  hardware_init.o(i.HALL_Perip_Init)
    HALL_StructInit                          0x000032cd   Thumb Code    32  lks32mc03x_hall.o(i.HALL_StructInit)
    Hardware_init                            0x000032f1   Thumb Code   162  hardware_init.o(i.Hardware_init)
    HeaterControl                            0x000033a5   Thumb Code   284  heatcontrol.o(i.HeaterControl)
    HeaterControl_1ms                        0x000034e5   Thumb Code   176  heatcontrol.o(i.HeaterControl_1ms)
    HeaterTemperature_Control                0x000035a1   Thumb Code   194  heatcontrol.o(i.HeaterTemperature_Control)
    I2C_IRQHandler                           0x00003675   Thumb Code    14  interrupt.o(i.I2C_IRQHandler)
    I2C_Init                                 0x00003689   Thumb Code   128  lks32mc03x_i2c.o(i.I2C_Init)
    I2C_StructInit                           0x00003719   Thumb Code    28  lks32mc03x_i2c.o(i.I2C_StructInit)
    I2C_init                                 0x00003739   Thumb Code    48  hardware_init.o(i.I2C_init)
    IIC_Write_Reg                            0x0000376d   Thumb Code    22  lcd.o(i.IIC_Write_Reg)
    Key_Speed                                0x00003789   Thumb Code    46  user_app.o(i.Key_Speed)
    LCD_Process                              0x000037c1   Thumb Code   154  user_app.o(i.LCD_Process)
    LowPassControl                           0x00003865   Thumb Code    44  powercalculation.o(i.LowPassControl)
    MCPWM0_IRQHandler                        0x00003891   Thumb Code    42  interrupt.o(i.MCPWM0_IRQHandler)
    MCPWM0_RegUpdate                         0x000038c5   Thumb Code    66  signalchain_sample.o(i.MCPWM0_RegUpdate)
    MCPWM1_IRQHandler                        0x00003915   Thumb Code     2  interrupt.o(i.MCPWM1_IRQHandler)
    MCPWM_Init                               0x00003919   Thumb Code   540  lks32mc03x_mcpwm.o(i.MCPWM_Init)
    MCPWM_StructInit                         0x00003b41   Thumb Code    10  lks32mc03x_mcpwm.o(i.MCPWM_StructInit)
    MCPWM_init                               0x00003b4d   Thumb Code   146  hardware_init.o(i.MCPWM_init)
    MemoryRestore                            0x00003bf5   Thumb Code    34  user_app.o(i.MemoryRestore)
    ModuCircle_Limitation                    0x00003c1d   Thumb Code   152  fluxobserve.o(i.ModuCircle_Limitation)
    NTC_R_change                             0x00003ccd   Thumb Code  1456  user_app.o(i.NTC_R_change)
    OnTheFlyDetectInit                       0x0000427d   Thumb Code    12  fluxobserve.o(i.OnTheFlyDetectInit)
    OpenCloseAngleSwitch                     0x0000428d   Thumb Code    54  fluxobserve.o(i.OpenCloseAngleSwitch)
    OpenLoopCurRamp                          0x000042d9   Thumb Code    64  process_control.o(i.OpenLoopCurRamp)
    PGA_Init                                 0x00004319   Thumb Code    36  hardware_init.o(i.PGA_Init)
    PWMOutputs                               0x00004345   Thumb Code    34  lks32mc03x_mcpwm.o(i.PWMOutputs)
    PmsmFluxObIni                            0x00004375   Thumb Code   136  fluxobserve.o(i.PmsmFluxObIni)
    PmsmFluxObserve                          0x00004415   Thumb Code   194  fluxobserve.o(i.PmsmFluxObserve)
    PowerCalc                                0x000044f1   Thumb Code    66  powercalculation.o(i.PowerCalc)
    ProgramPage                              0x00004545   Thumb Code   210  lks32mc03x_flash.o(i.ProgramPage)
    SPI_IRQHandler                           0x00004639   Thumb Code     2  interrupt.o(i.SPI_IRQHandler)
    SVPWM_2ShuntGEN                          0x0000463d   Thumb Code   310  lib_svpwm.o(i.SVPWM_2ShuntGEN)
    SVPWM_2ShuntGetPhaseCurrent              0x00004779   Thumb Code    46  signalchain_sample.o(i.SVPWM_2ShuntGetPhaseCurrent)
    SW_IRQHandler                            0x000047ad   Thumb Code     2  interrupt.o(i.SW_IRQHandler)
    SYS_AnalogModuleClockCmd                 0x000047b1   Thumb Code    60  lks32mc03x_sys.o(i.SYS_AnalogModuleClockCmd)
    SYS_ModuleClockCmd                       0x000047f5   Thumb Code    30  lks32mc03x_sys.o(i.SYS_ModuleClockCmd)
    SYS_SoftResetModule                      0x0000481d   Thumb Code    16  lks32mc03x_sys.o(i.SYS_SoftResetModule)
    Search_Button                            0x00004835   Thumb Code    14  button.o(i.Search_Button)
    SoftDelay                                0x00004849   Thumb Code    24  task_scheduler.o(i.SoftDelay)
    SpeedLoopReg                             0x00004861   Thumb Code    44  foc_drive.o(i.SpeedLoopReg)
    SpeedLoop_Set                            0x00004895   Thumb Code    40  state_machine.o(i.SpeedLoop_Set)
    SpeedPIRegulator                         0x000048bd   Thumb Code   214  pid_regulators.o(i.SpeedPIRegulator)
    SpeedReferenceGen                        0x00004993   Thumb Code    46  process_control.o(i.SpeedReferenceGen)
    StateAlign                               0x000049c1   Thumb Code    90  state_machine.o(i.StateAlign)
    StateCharge                              0x00004a39   Thumb Code   244  state_machine.o(i.StateCharge)
    StateFault                               0x00004b51   Thumb Code    22  state_machine.o(i.StateFault)
    StateInit                                0x00004b71   Thumb Code   522  state_machine.o(i.StateInit)
    StateOpen                                0x00004de5   Thumb Code   196  state_machine.o(i.StateOpen)
    StateRun                                 0x00004ed5   Thumb Code   468  state_machine.o(i.StateRun)
    StateStop                                0x000050f1   Thumb Code    28  state_machine.o(i.StateStop)
    SysTick_Handler                          0x0000513d   Thumb Code     2  interrupt.o(i.SysTick_Handler)
    Sys_State_Machine                        0x00005141   Thumb Code   240  state_machine.o(i.Sys_State_Machine)
    SystemInit                               0x00005251   Thumb Code     8  hardware_init.o(i.SystemInit)
    TIMER0_IRQHandler                        0x00005259   Thumb Code     2  interrupt.o(i.TIMER0_IRQHandler)
    TIMER1_IRQHandler                        0x0000525d   Thumb Code    44  interrupt.o(i.TIMER1_IRQHandler)
    TIM_TimerInit                            0x00005291   Thumb Code   162  lks32mc03x_timer.o(i.TIM_TimerInit)
    TIM_TimerStrutInit                       0x0000533d   Thumb Code    52  lks32mc03x_timer.o(i.TIM_TimerStrutInit)
    Task_Scheduler                           0x00005371   Thumb Code   144  task_scheduler.o(i.Task_Scheduler)
    TempSensor_Init                          0x00005419   Thumb Code    18  hardware_init.o(i.TempSensor_Init)
    Temp_circulation                         0x00005435   Thumb Code    52  user_app.o(i.Temp_circulation)
    Temp_demarcate                           0x0000546d   Thumb Code   386  user_app.o(i.Temp_demarcate)
    Trig_Functions                           0x00005621   Thumb Code   120  mc_math.o(i.Trig_Functions)
    UART_IRQHandler                          0x0000569d   Thumb Code     2  interrupt.o(i.UART_IRQHandler)
    USER_APP_vTick10ms                       0x000056a1   Thumb Code    40  user_app.o(i.USER_APP_vTick10ms)
    USER_APP_vTick1ms                        0x000056d5   Thumb Code    16  user_app.o(i.USER_APP_vTick1ms)
    USER_APP_vTick20ms                       0x000056e5   Thumb Code    12  user_app.o(i.USER_APP_vTick20ms)
    USER_APP_vTick500ms                      0x000056f1   Thumb Code   324  user_app.o(i.USER_APP_vTick500ms)
    USER_GPIO_Init                           0x0000583d   Thumb Code   150  user_app.o(i.USER_GPIO_Init)
    USER_Init                                0x000058d9   Thumb Code    62  user_app.o(i.USER_Init)
    UTimer_init                              0x00005935   Thumb Code    36  hardware_init.o(i.UTimer_init)
    User2AppAngleTrans                       0x0000595d   Thumb Code    30  app2core.o(i.User2AppAngleTrans)
    User2AppCurTrans                         0x00005981   Thumb Code    28  app2core.o(i.User2AppCurTrans)
    User2AppFreqTrans                        0x000059a1   Thumb Code    28  app2core.o(i.User2AppFreqTrans)
    User2AppVolTrans                         0x000059c1   Thumb Code    36  app2core.o(i.User2AppVolTrans)
    WAKE_IRQHandler                          0x000059f9   Thumb Code     2  interrupt.o(i.WAKE_IRQHandler)
    __ARM_common_ll_mulss                    0x000059fb   Thumb Code    48  fluxobserve.o(i.__ARM_common_ll_mulss)
    __ARM_common_ll_muluu                    0x00005a2b   Thumb Code    48  fluxobserve.o(i.__ARM_common_ll_muluu)
    __ARM_common_switch8                     0x00005a5b   Thumb Code    26  state_machine.o(i.__ARM_common_switch8)
    i2c_dma_init                             0x00005b25   Thumb Code    58  lks32mc03x_i2c.o(i.i2c_dma_init)
    i2c_dma_state_over                       0x00005b65   Thumb Code     8  lks32mc03x_i2c.o(i.i2c_dma_state_over)
    i2c_dma_tx                               0x00005b7d   Thumb Code    74  lks32mc03x_i2c.o(i.i2c_dma_tx)
    lcd_init                                 0x00005bd1   Thumb Code    48  lcd.o(i.lcd_init)
    lcd_show_all_clean                       0x00005c05   Thumb Code    66  lcd.o(i.lcd_show_all_clean)
    lcd_show_all_data                        0x00005c4d   Thumb Code    62  lcd.o(i.lcd_show_all_data)
    lcd_show_all_number                      0x00005c91   Thumb Code    90  lcd.o(i.lcd_show_all_number)
    lcd_show_constant_temperature            0x00005cf1   Thumb Code    24  lcd.o(i.lcd_show_constant_temperature)
    lcd_show_ones                            0x00005d0d   Thumb Code     8  lcd.o(i.lcd_show_ones)
    lcd_show_speed                           0x00005d19   Thumb Code    22  lcd.o(i.lcd_show_speed)
    lcd_show_temp_gear                       0x00005d35   Thumb Code    90  lcd.o(i.lcd_show_temp_gear)
    main                                     0x00005d99   Thumb Code    44  main.o(i.main)
    read_btn1_level                          0x00005dd1   Thumb Code    14  user_app.o(i.read_btn1_level)
    sys_init                                 0x00005de5   Thumb Code    26  system_init.o(i.sys_init)
    vLoadForFlashing                         0x00005e09   Thumb Code    20  user_app.o(i.vLoadForFlashing)
    __aeabi_fmul                             0x00005e21   Thumb Code     0  fmul.o(x$fpl$fmul)
    _fmul                                    0x00005e21   Thumb Code   172  fmul.o(x$fpl$fmul)
    __I$use$fp                               0x00005ed0   Number         0  usenofp.o(x$fpl$usenofp)
    sVersion                                 0x00005ed0   Data          10  global_variable.o(.constdata)
    struFOC_ConstParam                       0x00005eda   Data          16  global_variable.o(.constdata)
    struMotorParam                           0x00005eec   Data          44  global_variable.o(.constdata)
    struBoardParam                           0x00005f18   Data          36  global_variable.o(.constdata)
    HotTab                                   0x00005f3c   Data        2500  heatcontrol.o(.constdata)
    hSin_Cos_Table                           0x00006900   Data         512  mc_math.o(.constdata)
    Region$$Table$$Base                      0x00006bcc   Number         0  anon$$obj.o(Region$$Table)
    Region$$Table$$Limit                     0x00006bec   Number         0  anon$$obj.o(Region$$Table)
    BrakeFlag                                0x20000000   Data           1  state_machine.o(.data)
    testspeed                                0x20000001   Data           1  state_machine.o(.data)
    g_uDirCheckStep                          0x20000002   Data           2  state_machine.o(.data)
    testmkp                                  0x20000004   Data           2  state_machine.o(.data)
    testmki                                  0x20000006   Data           2  state_machine.o(.data)
    testtkp                                  0x20000008   Data           2  state_machine.o(.data)
    testtki                                  0x2000000a   Data           2  state_machine.o(.data)
    SoftCur_Cnt                              0x2000000c   Data           2  fault_detection.o(.data)
    stru_Faults                              0x20000010   Data           2  fault_detection.o(.data)
    struImaxCurrent                          0x20000012   Data           6  fault_detection.o(.data)
    FRS_ON                                   0x20000018   Data           1  heatcontrol.o(.data)
    Ubusmaxcnt                               0x20000019   Data           1  heatcontrol.o(.data)
    Ubusmaxsumcnt                            0x2000001a   Data           1  heatcontrol.o(.data)
    Ubusmax                                  0x2000001c   Data           2  heatcontrol.o(.data)
    Ubusmaxsum                               0x20000020   Data           4  heatcontrol.o(.data)
    Mag_nCurr                                0x20000024   Data           2  foc_drive.o(.data)
    watchiq                                  0x20000026   Data           2  foc_drive.o(.data)
    tempreture_filer_cnt                     0x2000002c   Data           1  user_app.o(.data)
    tempreture_change_flag                   0x2000002d   Data           1  user_app.o(.data)
    TempGear                                 0x2000002e   Data           1  user_app.o(.data)
    TempGearOld                              0x2000002f   Data           1  user_app.o(.data)
    iTargetGear                              0x20000030   Data           1  user_app.o(.data)
    AutoTemp                                 0x20000031   Data           1  user_app.o(.data)
    CrossDownAcState_Old                     0x20000032   Data           1  user_app.o(.data)
    Cold_Show_Flag                           0x20000033   Data           1  user_app.o(.data)
    WaveCnt                                  0x20000034   Data           1  user_app.o(.data)
    WaveCnt1                                 0x20000035   Data           1  user_app.o(.data)
    Key_Speed_state                          0x20000036   Data           1  user_app.o(.data)
    Key_Speed_state_cnt                      0x20000037   Data           1  user_app.o(.data)
    TempGear_memory                          0x20000038   Data           1  user_app.o(.data)
    Memorymessag_eraseflg                    0x20000039   Data           1  user_app.o(.data)
    tempreture_show_flag                     0x2000003a   Data           1  user_app.o(.data)
    tempreture_show_filerCnt                 0x2000003b   Data           1  user_app.o(.data)
    tempreture_num_old                       0x2000003c   Data           2  user_app.o(.data)
    tempreture_numOld                        0x2000003e   Data           2  user_app.o(.data)
    iTargetGearold                           0x20000040   Data           2  user_app.o(.data)
    LCD_frist_flag                           0x20000042   Data           2  user_app.o(.data)
    uDCfil                                   0x20000044   Data           2  user_app.o(.data)
    tempreture_num                           0x2000004c   Data           2  user_app.o(.data)
    Cold_Show_Delay                          0x2000004e   Data           2  user_app.o(.data)
    Temp_demarcate_value                     0x20000050   Data           2  user_app.o(.data)
    Temp_demarcate_value_old                 0x20000052   Data           2  user_app.o(.data)
    t_VdcSpdCoef                             0x20000054   Data           2  user_app.o(.data)
    flag_gear_add                            0x20000058   Data           4  user_app.o(.data)
    AutoTemp_gear_old                        0x2000005c   Data           4  user_app.o(.data)
    s32uDCfil                                0x20000060   Data           4  user_app.o(.data)
    autoTemp_cnt                             0x20000064   Data           4  user_app.o(.data)
    AutoTemp_gear                            0x20000068   Data           4  user_app.o(.data)
    Memorymsg                                0x2000006c   Data           4  user_app.o(.data)
    remotor_memory                           0x20000070   Data           4  user_app.o(.data)
    tempreture                               0x20000074   Data           4  user_app.o(.data)
    ADDRESS                                  0x20000078   Data           1  lcd.o(.data)
    Tx_data_tbl                              0x20000079   Data           2  lcd.o(.data)
    g_FluxObsMode                            0x2000008a   Data           2  fluxobserve.o(.data)
    g_FluxObsFreqSegSet                      0x2000008c   Data           2  fluxobserve.o(.data)
    uPWM1msTick                              0x2000008e   Data           2  fluxobserve.o(.data)
    uFreq1msM                                0x20000090   Data           2  fluxobserve.o(.data)
    gCnt11111                                0x20000092   Data           2  fluxobserve.o(.data)
    AFWR_KP                                  0x20000094   Data           2  fluxobserve.o(.data)
    AFWR_KI                                  0x20000096   Data           2  fluxobserve.o(.data)
    ATWR_KP                                  0x20000098   Data           2  fluxobserve.o(.data)
    ATWR_KI                                  0x2000009a   Data           2  fluxobserve.o(.data)
    gUdcUtz                                  0x2000009c   Data           2  fluxobserve.o(.data)
    gPmWeakId                                0x2000009e   Data           2  fluxobserve.o(.data)
    gPmWeakIq                                0x200000a0   Data           2  fluxobserve.o(.data)
    afo15Sftn                                0x200000a8   Data           2  fluxobserve.o(.data)
    s16UmRohRef                              0x200000aa   Data           2  fluxobserve.o(.data)
    s16UtRohRef                              0x200000ac   Data           2  fluxobserve.o(.data)
    g_nD_CurrLoopKPL                         0x200000ae   Data           2  fluxobserve.o(.data)
    g_nD_CurrLoopKIL                         0x200000b0   Data           2  fluxobserve.o(.data)
    g_nQ_CurrLoopKPL                         0x200000b2   Data           2  fluxobserve.o(.data)
    g_nQ_CurrLoopKIL                         0x200000b4   Data           2  fluxobserve.o(.data)
    g_nD_CurrLoopKPH                         0x200000b6   Data           2  fluxobserve.o(.data)
    g_nD_CurrLoopKIH                         0x200000b8   Data           2  fluxobserve.o(.data)
    g_nQ_CurrLoopKPH                         0x200000ba   Data           2  fluxobserve.o(.data)
    g_nQ_CurrLoopKIH                         0x200000bc   Data           2  fluxobserve.o(.data)
    s16VolOutAvg                             0x200000be   Data           2  fluxobserve.o(.data)
    uMrasTheta_est                           0x200000c0   Data           4  fluxobserve.o(.data)
    gThetaComp                               0x200000c4   Data           4  fluxobserve.o(.data)
    gModCoef                                 0x200000c8   Data           4  fluxobserve.o(.data)
    gBemfPerUnitGain                         0x200000d0   Data           4  fluxobserve.o(.data)
    afo15                                    0x200000d4   Data           4  fluxobserve.o(.data)
    uPmRsPu                                  0x200000d8   Data           4  fluxobserve.o(.data)
    s32VolOutAvg                             0x200000dc   Data           4  fluxobserve.o(.data)
    iMrasIdEstN_1_Fs                         0x200000e0   Data           4  fluxobserve.o(.data)
    iMrasIqEstN_1_Fs                         0x200000e4   Data           4  fluxobserve.o(.data)
    synWeObsFilt                             0x200000e8   Data           4  fluxobserve.o(.data)
    iThetaErr2                               0x200000ec   Data           4  fluxobserve.o(.data)
    g_AngleComp                              0x200000f2   Data           2  onthefly.o(.data)
    g_nMotorSynEmf                           0x20000106   Data           2  onthefly.o(.data)
    g_nMotorSynEmfAngle                      0x20000108   Data           2  onthefly.o(.data)
    gVolMsdA                                 0x2000010a   Data           2  onthefly.o(.data)
    gVolMsdB                                 0x2000010c   Data           2  onthefly.o(.data)
    gBemfMeas                                0x2000010e   Data           2  onthefly.o(.data)
    gFreqMsd                                 0x20000110   Data           2  onthefly.o(.data)
    g_nMotorSynEmfFreq                       0x20000124   Data           4  onthefly.o(.data)
    struBemfVolt                             0x20000128   Data           6  onthefly.o(.data)
    struTaskScheduler                        0x20000130   Data          20  global_variable.o(.bss)
    struFOC_CtrProc                          0x20000144   Data          16  global_variable.o(.bss)
    struFOC_CurrLoop                         0x20000154   Data         236  global_variable.o(.bss)
    struFluxOB_Param                         0x20000240   Data          64  global_variable.o(.bss)
    struAppCommData                          0x20000280   Data          68  global_variable.o(.bss)
    struMotorSpeed                           0x200002c8   Data          88  global_variable.o(.bss)
    mOnTheFlyDetect                          0x20000320   Data          36  global_variable.o(.bss)
    mOpenForceRun                            0x20000344   Data          24  global_variable.o(.bss)
    struUser2App                             0x2000035c   Data          32  global_variable.o(.bss)
    struCore2App                             0x2000037c   Data          32  global_variable.o(.bss)
    struApp2Core                             0x2000039c   Data          32  global_variable.o(.bss)
    mIPD_CtrProc                             0x200003bc   Data          32  global_variable.o(.bss)
    struTime                                 0x200003dc   Data          14  state_machine.o(.bss)
    struCurrentAmplitude                     0x200003ec   Data          24  fault_detection.o(.bss)
    stru_FaultValue                          0x20000404   Data          60  fault_detection.o(.bss)
    struFaultVoltTime                        0x20000440   Data          14  fault_detection.o(.bss)
    struFaultEmptyTime                       0x2000044e   Data          14  fault_detection.o(.bss)
    struFaultStallTime                       0x2000045c   Data          14  fault_detection.o(.bss)
    struFaultCurrentTime                     0x2000046a   Data          14  fault_detection.o(.bss)
    struFaultTempTime                        0x20000478   Data          14  fault_detection.o(.bss)
    struFaultPhaseTime                       0x20000486   Data          14  fault_detection.o(.bss)
    struFaultStartTime                       0x20000494   Data          14  fault_detection.o(.bss)
    struPower                                0x200004a8   Data         112  powercalculation.o(.bss)
    FRSControl                               0x20000518   Data         104  heatcontrol.o(.bss)
    powerfreqcmd                             0x20000580   Data          12  user_app.o(.bss)
    UserSys                                  0x2000058c   Data          22  user_app.o(.bss)
    Button1                                  0x200005a4   Data          80  user_app.o(.bss)
    struFluxOB_Var                           0x200005f4   Data          32  fluxobserve.o(.bss)
    m_FluxOBSPara                            0x20000614   Data          56  fluxobserve.o(.bss)
    AEMFRM                                   0x2000064c   Data          28  fluxobserve.o(.bss)
    AEMFRT                                   0x20000668   Data          28  fluxobserve.o(.bss)
    AFWR                                     0x20000684   Data          20  fluxobserve.o(.bss)
    ATWR                                     0x20000698   Data          20  fluxobserve.o(.bss)
    __libspace_start                         0x200006ac   Data          96  libspace.o(.bss)
    __temporary_stack_top$libspace           0x2000070c   Data           0  libspace.o(.bss)



==============================================================================

Memory Map of the image

  Image Entry point : 0x000000c1

  Load Region LR_IROM1 (Base: 0x00000000, Size: 0x00006d1c, Max: 0x00008000, ABSOLUTE, COMPRESSED[0x00006c10])

    Execution Region ER_IROM1 (Exec base: 0x00000000, Load base: 0x00000000, Size: 0x00006bec, Max: 0x00008000, ABSOLUTE)

    Exec Addr    Load Addr    Size         Type   Attr      Idx    E Section Name        Object

    0x00000000   0x00000000   0x000000c0   Data   RO         2351    RESET               startup_lks32mc03x.o
    0x000000c0   0x000000c0   0x00000008   Code   RO         3151  * !!!main             c_p.l(__main.o)
    0x000000c8   0x000000c8   0x0000003c   Code   RO         3359    !!!scatter          c_p.l(__scatter.o)
    0x00000104   0x00000104   0x0000001c   Code   RO         3361    !!handler_zi        c_p.l(__scatter_zi.o)
    0x00000120   0x00000120   0x00000002   Code   RO         3224    .ARM.Collect$$libinit$$00000000  c_p.l(libinit.o)
    0x00000122   0x00000122   0x00000000   Code   RO         3238    .ARM.Collect$$libinit$$00000002  c_p.l(libinit2.o)
    0x00000122   0x00000122   0x00000000   Code   RO         3240    .ARM.Collect$$libinit$$00000004  c_p.l(libinit2.o)
    0x00000122   0x00000122   0x00000000   Code   RO         3243    .ARM.Collect$$libinit$$0000000A  c_p.l(libinit2.o)
    0x00000122   0x00000122   0x00000000   Code   RO         3245    .ARM.Collect$$libinit$$0000000C  c_p.l(libinit2.o)
    0x00000122   0x00000122   0x00000000   Code   RO         3247    .ARM.Collect$$libinit$$0000000E  c_p.l(libinit2.o)
    0x00000122   0x00000122   0x00000000   Code   RO         3250    .ARM.Collect$$libinit$$00000011  c_p.l(libinit2.o)
    0x00000122   0x00000122   0x00000000   Code   RO         3252    .ARM.Collect$$libinit$$00000013  c_p.l(libinit2.o)
    0x00000122   0x00000122   0x00000000   Code   RO         3254    .ARM.Collect$$libinit$$00000015  c_p.l(libinit2.o)
    0x00000122   0x00000122   0x00000000   Code   RO         3256    .ARM.Collect$$libinit$$00000017  c_p.l(libinit2.o)
    0x00000122   0x00000122   0x00000000   Code   RO         3258    .ARM.Collect$$libinit$$00000019  c_p.l(libinit2.o)
    0x00000122   0x00000122   0x00000000   Code   RO         3260    .ARM.Collect$$libinit$$0000001B  c_p.l(libinit2.o)
    0x00000122   0x00000122   0x00000000   Code   RO         3262    .ARM.Collect$$libinit$$0000001D  c_p.l(libinit2.o)
    0x00000122   0x00000122   0x00000000   Code   RO         3264    .ARM.Collect$$libinit$$0000001F  c_p.l(libinit2.o)
    0x00000122   0x00000122   0x00000000   Code   RO         3266    .ARM.Collect$$libinit$$00000021  c_p.l(libinit2.o)
    0x00000122   0x00000122   0x00000000   Code   RO         3268    .ARM.Collect$$libinit$$00000023  c_p.l(libinit2.o)
    0x00000122   0x00000122   0x00000000   Code   RO         3270    .ARM.Collect$$libinit$$00000025  c_p.l(libinit2.o)
    0x00000122   0x00000122   0x00000000   Code   RO         3274    .ARM.Collect$$libinit$$0000002C  c_p.l(libinit2.o)
    0x00000122   0x00000122   0x00000000   Code   RO         3276    .ARM.Collect$$libinit$$0000002E  c_p.l(libinit2.o)
    0x00000122   0x00000122   0x00000000   Code   RO         3278    .ARM.Collect$$libinit$$00000030  c_p.l(libinit2.o)
    0x00000122   0x00000122   0x00000000   Code   RO         3280    .ARM.Collect$$libinit$$00000032  c_p.l(libinit2.o)
    0x00000122   0x00000122   0x00000002   Code   RO         3281    .ARM.Collect$$libinit$$00000033  c_p.l(libinit2.o)
    0x00000124   0x00000124   0x00000002   Code   RO         3312    .ARM.Collect$$libshutdown$$00000000  c_p.l(libshutdown.o)
    0x00000126   0x00000126   0x00000000   Code   RO         3338    .ARM.Collect$$libshutdown$$00000002  c_p.l(libshutdown2.o)
    0x00000126   0x00000126   0x00000000   Code   RO         3340    .ARM.Collect$$libshutdown$$00000004  c_p.l(libshutdown2.o)
    0x00000126   0x00000126   0x00000000   Code   RO         3342    .ARM.Collect$$libshutdown$$00000006  c_p.l(libshutdown2.o)
    0x00000126   0x00000126   0x00000000   Code   RO         3345    .ARM.Collect$$libshutdown$$00000009  c_p.l(libshutdown2.o)
    0x00000126   0x00000126   0x00000000   Code   RO         3348    .ARM.Collect$$libshutdown$$0000000C  c_p.l(libshutdown2.o)
    0x00000126   0x00000126   0x00000000   Code   RO         3350    .ARM.Collect$$libshutdown$$0000000E  c_p.l(libshutdown2.o)
    0x00000126   0x00000126   0x00000000   Code   RO         3353    .ARM.Collect$$libshutdown$$00000011  c_p.l(libshutdown2.o)
    0x00000126   0x00000126   0x00000002   Code   RO         3354    .ARM.Collect$$libshutdown$$00000012  c_p.l(libshutdown2.o)
    0x00000128   0x00000128   0x00000000   Code   RO         3181    .ARM.Collect$$rtentry$$00000000  c_p.l(__rtentry.o)
    0x00000128   0x00000128   0x00000000   Code   RO         3190    .ARM.Collect$$rtentry$$00000002  c_p.l(__rtentry2.o)
    0x00000128   0x00000128   0x00000006   Code   RO         3202    .ARM.Collect$$rtentry$$00000004  c_p.l(__rtentry4.o)
    0x0000012e   0x0000012e   0x00000000   Code   RO         3192    .ARM.Collect$$rtentry$$00000009  c_p.l(__rtentry2.o)
    0x0000012e   0x0000012e   0x00000004   Code   RO         3193    .ARM.Collect$$rtentry$$0000000A  c_p.l(__rtentry2.o)
    0x00000132   0x00000132   0x00000000   Code   RO         3195    .ARM.Collect$$rtentry$$0000000C  c_p.l(__rtentry2.o)
    0x00000132   0x00000132   0x00000008   Code   RO         3196    .ARM.Collect$$rtentry$$0000000D  c_p.l(__rtentry2.o)
    0x0000013a   0x0000013a   0x00000002   Code   RO         3229    .ARM.Collect$$rtexit$$00000000  c_p.l(rtexit.o)
    0x0000013c   0x0000013c   0x00000000   Code   RO         3285    .ARM.Collect$$rtexit$$00000002  c_p.l(rtexit2.o)
    0x0000013c   0x0000013c   0x00000004   Code   RO         3286    .ARM.Collect$$rtexit$$00000003  c_p.l(rtexit2.o)
    0x00000140   0x00000140   0x00000006   Code   RO         3287    .ARM.Collect$$rtexit$$00000004  c_p.l(rtexit2.o)
    0x00000146   0x00000146   0x00000002   PAD
    0x00000148   0x00000148   0x00000038   Code   RO         3139    .emb_text           c_p.l(rt_memcpy.o)
    0x00000180   0x00000180   0x00000044   Code   RO         2352    .text               startup_lks32mc03x.o
    0x000001c4   0x000001c4   0x00000020   Code   RO         3127    .text               c_p.l(llshl.o)
    0x000001e4   0x000001e4   0x00000026   Code   RO         3129    .text               c_p.l(llsshr.o)
    0x0000020a   0x0000020a   0x00000030   Code   RO         3131    .text               c_p.l(llmul.o)
    0x0000023a   0x0000023a   0x00000070   Code   RO         3133    .text               c_p.l(llsdiv.o)
    0x000002aa   0x000002aa   0x00000082   Code   RO         3140    .text               c_p.l(rt_memcpy.o)
    0x0000032c   0x0000032c   0x00000040   Code   RO         3143    .text               c_p.l(rt_memclr.o)
    0x0000036c   0x0000036c   0x0000015a   Code   RO         3145    .text               c_p.l(aeabi_sdiv.o)
    0x000004c6   0x000004c6   0x00000006   Code   RO         3149    .text               c_p.l(heapauxi.o)
    0x000004cc   0x000004cc   0x0000007c   Code   RO         3153    .text               fz_ps.l(d2f.o)
    0x00000548   0x00000548   0x00000358   Code   RO         3155    .text               fz_ps.l(daddsub.o)
    0x000008a0   0x000008a0   0x00000448   Code   RO         3157    .text               fz_ps.l(ddiv.o)
    0x00000ce8   0x00000ce8   0x0000006c   Code   RO         3160    .text               fz_ps.l(dfixi.o)
    0x00000d54   0x00000d54   0x00000048   Code   RO         3162    .text               fz_ps.l(dfixui.o)
    0x00000d9c   0x00000d9c   0x00000058   Code   RO         3164    .text               fz_ps.l(dflti.o)
    0x00000df4   0x00000df4   0x00000084   Code   RO         3166    .text               fz_ps.l(dfltl.o)
    0x00000e78   0x00000e78   0x00000248   Code   RO         3168    .text               fz_ps.l(dmul.o)
    0x000010c0   0x000010c0   0x00000054   Code   RO         3170    .text               fz_ps.l(f2d.o)
    0x00001114   0x00001114   0x00000160   Code   RO         3172    .text               fz_ps.l(fdiv.o)
    0x00001274   0x00001274   0x0000004c   Code   RO         3175    .text               fz_ps.l(ffixi.o)
    0x000012c0   0x000012c0   0x0000005e   Code   RO         3177    .text               fz_ps.l(fflti.o)
    0x0000131e   0x0000131e   0x00000102   Code   RO         3186    .text               c_p.l(lludiv.o)
    0x00001420   0x00001420   0x0000003e   Code   RO         3210    .text               c_p.l(sys_stackheap_outer.o)
    0x0000145e   0x0000145e   0x00000010   Code   RO         3213    .text               c_p.l(exit.o)
    0x0000146e   0x0000146e   0x00000002   PAD
    0x00001470   0x00001470   0x00000008   Code   RO         3225    .text               c_p.l(libspace.o)
    0x00001478   0x00001478   0x0000000c   Code   RO         3282    .text               c_p.l(sys_exit.o)
    0x00001484   0x00001484   0x00000002   Code   RO         3301    .text               c_p.l(use_no_semi.o)
    0x00001486   0x00001486   0x00000000   Code   RO         3303    .text               c_p.l(indicate_semi.o)
    0x00001486   0x00001486   0x0000003a   Code   RO         3357    .text               c_p.l(__dczerorl.o)
    0x000014c0   0x000014c0   0x000000a8   Code   RO          300    i.ADC_IRQHandler    interrupt.o
    0x00001568   0x00001568   0x00000048   Code   RO         1650    i.ADC_Init          lks32mc03x_adc.o
    0x000015b0   0x000015b0   0x0000002c   Code   RO         1265    i.ADC_NormalModeCFG  signalchain_sample.o
    0x000015dc   0x000015dc   0x00000020   Code   RO         1651    i.ADC_StructInit    lks32mc03x_adc.o
    0x000015fc   0x000015fc   0x00000058   Code   RO          158    i.ADC_init          hardware_init.o
    0x00001654   0x00001654   0x0000005c   Code   RO         1195    i.AdcSampleCal      foc_drive.o
    0x000016b0   0x000016b0   0x00000010   Code   RO         2626    i.Add_Button        button.o
    0x000016c0   0x000016c0   0x00000010   Code   RO         1098    i.App2CoreCurTrans  app2core.o
    0x000016d0   0x000016d0   0x00000010   Code   RO         1099    i.App2CoreFreqTrans  app2core.o
    0x000016e0   0x000016e0   0x0000005c   Code   RO         2839    i.AutoFieldWeakReg  LKS03x_FluxOBS_V2p16_0624.lib(fluxobserve.o)
    0x0000173c   0x0000173c   0x00000030   Code   RO         2358    i.Btn1_Dowm_CallBack  user_app.o
    0x0000176c   0x0000176c   0x0000001e   Code   RO         2627    i.Button_Attach     button.o
    0x0000178a   0x0000178a   0x00000064   Code   RO         2628    i.Button_Create     button.o
    0x000017ee   0x000017ee   0x0000013e   Code   RO         2629    i.Button_Cycle_Process  button.o
    0x0000192c   0x0000192c   0x0000001c   Code   RO         2631    i.Button_Process    button.o
    0x00001948   0x00001948   0x00000064   Code   RO          301    i.CMP_IRQHandler    interrupt.o
    0x000019ac   0x000019ac   0x000000e0   Code   RO         1688    i.CMP_Init          lks32mc03x_cmp.o
    0x00001a8c   0x00001a8c   0x00000040   Code   RO         1689    i.CMP_StructInit    lks32mc03x_cmp.o
    0x00001acc   0x00001acc   0x0000004c   Code   RO          159    i.CMP_init          hardware_init.o
    0x00001b18   0x00001b18   0x00000028   Code   RO          160    i.Clock_Init        hardware_init.o
    0x00001b40   0x00001b40   0x0000005e   Code   RO          697    i.CurrentAmplitudeCalc  fault_detection.o
    0x00001b9e   0x00001b9e   0x00000002   PAD
    0x00001ba0   0x00001ba0   0x00000040   Code   RO          551    i.CurrentLoopAxisD_Set  state_machine.o
    0x00001be0   0x00001be0   0x00000040   Code   RO          552    i.CurrentLoopAxisQ_Set  state_machine.o
    0x00001c20   0x00001c20   0x00000048   Code   RO         1196    i.CurrentLoopReg    foc_drive.o
    0x00001c68   0x00001c68   0x00000014   Code   RO         1060    i.CurrentMagCalc    mc_math.o
    0x00001c7c   0x00001c7c   0x00000100   Code   RO          479    i.CurrentOffsetCalibration  system_init.o
    0x00001d7c   0x00001d7c   0x00000034   Code   RO         1305    i.CurrentPIRegulator  pid_regulators.o
    0x00001db0   0x00001db0   0x00000012   Code   RO          161    i.DAC_Init          hardware_init.o
    0x00001dc2   0x00001dc2   0x00000018   Code   RO         1723    i.DMA_CHx_EN        lks32mc03x_dma.o
    0x00001dda   0x00001dda   0x00000002   Code   RO          302    i.DMA_IRQHandler    interrupt.o
    0x00001ddc   0x00001ddc   0x00000084   Code   RO         1726    i.DMA_Init          lks32mc03x_dma.o
    0x00001e60   0x00001e60   0x0000004c   Code   RO         2840    i.DcVoltPerUnitCalc  LKS03x_FluxOBS_V2p16_0624.lib(fluxobserve.o)
    0x00001eac   0x00001eac   0x00000058   Code   RO         2841    i.DcVoltPerUnitCalcInt  LKS03x_FluxOBS_V2p16_0624.lib(fluxobserve.o)
    0x00001f04   0x00001f04   0x0000008c   Code   RO         1776    i.EraseSector       lks32mc03x_flash.o
    0x00001f90   0x00001f90   0x0000004c   Code   RO         2359    i.EraseWriteFlash   user_app.o
    0x00001fdc   0x00001fdc   0x0000006c   Code   RO         1197    i.FOC_InitstruParam  foc_drive.o
    0x00002048   0x00002048   0x000000a0   Code   RO         1198    i.FOC_Model         foc_drive.o
    0x000020e8   0x000020e8   0x00000040   Code   RO         2842    i.FWLoopPIReg       LKS03x_FluxOBS_V2p16_0624.lib(fluxobserve.o)
    0x00002128   0x00002128   0x000000d8   Code   RO          699    i.FaultCheck        fault_detection.o
    0x00002200   0x00002200   0x00000048   Code   RO          700    i.FaultCurrentCheck  fault_detection.o
    0x00002248   0x00002248   0x000000f8   Code   RO          702    i.FaultInit         fault_detection.o
    0x00002340   0x00002340   0x00000060   Code   RO          703    i.FaultPhaseCheck   fault_detection.o
    0x000023a0   0x000023a0   0x00000080   Code   RO          704    i.FaultRecover      fault_detection.o
    0x00002420   0x00002420   0x00000044   Code   RO          705    i.FaultRecoverInit  fault_detection.o
    0x00002464   0x00002464   0x000001c8   Code   RO          706    i.FaultStallCheck   fault_detection.o
    0x0000262c   0x0000262c   0x000000d0   Code   RO          707    i.FaultStartCheck   fault_detection.o
    0x000026fc   0x000026fc   0x00000002   Code   RO          708    i.FaultTempCheck    fault_detection.o
    0x000026fe   0x000026fe   0x00000002   PAD
    0x00002700   0x00002700   0x00000074   Code   RO          709    i.FaultVoltageCheck  fault_detection.o
    0x00002774   0x00002774   0x0000001c   Code   RO         2843    i.FindQNum          LKS03x_FluxOBS_V2p16_0624.lib(fluxobserve.o)
    0x00002790   0x00002790   0x00000064   Code   RO          480    i.FluxObserveInit   system_init.o
    0x000027f4   0x000027f4   0x0000065c   Code   RO         2844    i.FluxObserveParaCalc  LKS03x_FluxOBS_V2p16_0624.lib(fluxobserve.o)
    0x00002e50   0x00002e50   0x00000028   Code   RO         2845    i.Flux_OBS_ParaInit  LKS03x_FluxOBS_V2p16_0624.lib(fluxobserve.o)
    0x00002e78   0x00002e78   0x000000b0   Code   RO         2360    i.FunStateCharge    user_app.o
    0x00002f28   0x00002f28   0x00000002   Code   RO          305    i.GPIO_IRQHandler   interrupt.o
    0x00002f2a   0x00002f2a   0x00000080   Code   RO         1851    i.GPIO_Init         lks32mc03x_gpio.o
    0x00002faa   0x00002faa   0x00000002   PAD
    0x00002fac   0x00002fac   0x000000ec   Code   RO         1852    i.GPIO_PinAFConfig  lks32mc03x_gpio.o
    0x00003098   0x00003098   0x0000000e   Code   RO         1854    i.GPIO_ReadInputDataBit  lks32mc03x_gpio.o
    0x000030a6   0x000030a6   0x00000004   Code   RO         1857    i.GPIO_ResetBits    lks32mc03x_gpio.o
    0x000030aa   0x000030aa   0x00000004   Code   RO         1858    i.GPIO_SetBits      lks32mc03x_gpio.o
    0x000030ae   0x000030ae   0x0000000c   Code   RO         1859    i.GPIO_StructInit   lks32mc03x_gpio.o
    0x000030ba   0x000030ba   0x00000002   PAD
    0x000030bc   0x000030bc   0x00000060   Code   RO          163    i.GPIO_init         hardware_init.o
    0x0000311c   0x0000311c   0x0000003c   Code   RO         2361    i.GetHeartNTCTemp   user_app.o
    0x00003158   0x00003158   0x00000078   Code   RO         2362    i.GetVdcSpeed       user_app.o
    0x000031d0   0x000031d0   0x00000018   Code   RO         2363    i.Get_Power         user_app.o
    0x000031e8   0x000031e8   0x00000054   Code   RO         2364    i.Get_tempreture_num  user_app.o
    0x0000323c   0x0000323c   0x00000002   Code   RO          306    i.HALL_IRQHandler   interrupt.o
    0x0000323e   0x0000323e   0x00000002   PAD
    0x00003240   0x00003240   0x00000050   Code   RO         1940    i.HALL_Init         lks32mc03x_hall.o
    0x00003290   0x00003290   0x0000003c   Code   RO          164    i.HALL_Perip_Init   hardware_init.o
    0x000032cc   0x000032cc   0x00000024   Code   RO         1943    i.HALL_StructInit   lks32mc03x_hall.o
    0x000032f0   0x000032f0   0x000000b4   Code   RO          165    i.Hardware_init     hardware_init.o
    0x000033a4   0x000033a4   0x00000140   Code   RO          989    i.HeaterControl     heatcontrol.o
    0x000034e4   0x000034e4   0x000000bc   Code   RO          990    i.HeaterControl_1ms  heatcontrol.o
    0x000035a0   0x000035a0   0x000000d4   Code   RO          991    i.HeaterTemperature_Control  heatcontrol.o
    0x00003674   0x00003674   0x00000014   Code   RO          307    i.I2C_IRQHandler    interrupt.o
    0x00003688   0x00003688   0x00000090   Code   RO         2002    i.I2C_Init          lks32mc03x_i2c.o
    0x00003718   0x00003718   0x00000020   Code   RO         2003    i.I2C_StructInit    lks32mc03x_i2c.o
    0x00003738   0x00003738   0x00000034   Code   RO          166    i.I2C_init          hardware_init.o
    0x0000376c   0x0000376c   0x0000001c   Code   RO         2551    i.IIC_Write_Reg     lcd.o
    0x00003788   0x00003788   0x00000038   Code   RO         2365    i.Key_Speed         user_app.o
    0x000037c0   0x000037c0   0x000000a4   Code   RO         2366    i.LCD_Process       user_app.o
    0x00003864   0x00003864   0x0000002c   Code   RO          847    i.LowPassControl    powercalculation.o
    0x00003890   0x00003890   0x00000034   Code   RO          308    i.MCPWM0_IRQHandler  interrupt.o
    0x000038c4   0x000038c4   0x00000050   Code   RO         1267    i.MCPWM0_RegUpdate  signalchain_sample.o
    0x00003914   0x00003914   0x00000002   Code   RO          309    i.MCPWM1_IRQHandler  interrupt.o
    0x00003916   0x00003916   0x00000002   PAD
    0x00003918   0x00003918   0x00000228   Code   RO         2119    i.MCPWM_Init        lks32mc03x_mcpwm.o
    0x00003b40   0x00003b40   0x0000000a   Code   RO         2120    i.MCPWM_StructInit  lks32mc03x_mcpwm.o
    0x00003b4a   0x00003b4a   0x00000002   PAD
    0x00003b4c   0x00003b4c   0x000000a8   Code   RO          167    i.MCPWM_init        hardware_init.o
    0x00003bf4   0x00003bf4   0x00000028   Code   RO         2367    i.MemoryRestore     user_app.o
    0x00003c1c   0x00003c1c   0x000000b0   Code   RO         2846    i.ModuCircle_Limitation  LKS03x_FluxOBS_V2p16_0624.lib(fluxobserve.o)
    0x00003ccc   0x00003ccc   0x000005b0   Code   RO         2368    i.NTC_R_change      user_app.o
    0x0000427c   0x0000427c   0x00000010   Code   RO         2847    i.OnTheFlyDetectInit  LKS03x_FluxOBS_V2p16_0624.lib(fluxobserve.o)
    0x0000428c   0x0000428c   0x0000004c   Code   RO         2848    i.OpenCloseAngleSwitch  LKS03x_FluxOBS_V2p16_0624.lib(fluxobserve.o)
    0x000042d8   0x000042d8   0x00000040   Code   RO          810    i.OpenLoopCurRamp   process_control.o
    0x00004318   0x00004318   0x0000002c   Code   RO          168    i.PGA_Init          hardware_init.o
    0x00004344   0x00004344   0x00000030   Code   RO         2121    i.PWMOutputs        lks32mc03x_mcpwm.o
    0x00004374   0x00004374   0x000000a0   Code   RO         2849    i.PmsmFluxObIni     LKS03x_FluxOBS_V2p16_0624.lib(fluxobserve.o)
    0x00004414   0x00004414   0x000000dc   Code   RO         2850    i.PmsmFluxObserve   LKS03x_FluxOBS_V2p16_0624.lib(fluxobserve.o)
    0x000044f0   0x000044f0   0x0000004c   Code   RO          848    i.PowerCalc         powercalculation.o
    0x0000453c   0x0000453c   0x00000008   Code   RO         2636    i.Print_Btn_Info    button.o
    0x00004544   0x00004544   0x000000f4   Code   RO         1781    i.ProgramPage       lks32mc03x_flash.o
    0x00004638   0x00004638   0x00000002   Code   RO          310    i.SPI_IRQHandler    interrupt.o
    0x0000463a   0x0000463a   0x00000002   PAD
    0x0000463c   0x0000463c   0x0000013c   Code   RO         2711    i.SVPWM_2ShuntGEN   LKS03x_FluxOBS_V2p16_0624.lib(lib_svpwm.o)
    0x00004778   0x00004778   0x00000034   Code   RO         1268    i.SVPWM_2ShuntGetPhaseCurrent  signalchain_sample.o
    0x000047ac   0x000047ac   0x00000002   Code   RO          311    i.SW_IRQHandler     interrupt.o
    0x000047ae   0x000047ae   0x00000002   PAD
    0x000047b0   0x000047b0   0x00000044   Code   RO         2213    i.SYS_AnalogModuleClockCmd  lks32mc03x_sys.o
    0x000047f4   0x000047f4   0x00000028   Code   RO         2217    i.SYS_ModuleClockCmd  lks32mc03x_sys.o
    0x0000481c   0x0000481c   0x00000018   Code   RO         2218    i.SYS_SoftResetModule  lks32mc03x_sys.o
    0x00004834   0x00004834   0x00000014   Code   RO         2637    i.Search_Button     button.o
    0x00004848   0x00004848   0x00000018   Code   RO          519    i.SoftDelay         task_scheduler.o
    0x00004860   0x00004860   0x00000034   Code   RO         1199    i.SpeedLoopReg      foc_drive.o
    0x00004894   0x00004894   0x00000028   Code   RO          554    i.SpeedLoop_Set     state_machine.o
    0x000048bc   0x000048bc   0x000000d6   Code   RO         1307    i.SpeedPIRegulator  pid_regulators.o
    0x00004992   0x00004992   0x0000002e   Code   RO          812    i.SpeedReferenceGen  process_control.o
    0x000049c0   0x000049c0   0x00000078   Code   RO          555    i.StateAlign        state_machine.o
    0x00004a38   0x00004a38   0x00000118   Code   RO          556    i.StateCharge       state_machine.o
    0x00004b50   0x00004b50   0x00000020   Code   RO          559    i.StateFault        state_machine.o
    0x00004b70   0x00004b70   0x00000274   Code   RO          561    i.StateInit         state_machine.o
    0x00004de4   0x00004de4   0x000000f0   Code   RO          562    i.StateOpen         state_machine.o
    0x00004ed4   0x00004ed4   0x0000021c   Code   RO          564    i.StateRun          state_machine.o
    0x000050f0   0x000050f0   0x00000024   Code   RO          565    i.StateStop         state_machine.o
    0x00005114   0x00005114   0x00000028   Code   RO         2638    i.StrnCopy          button.o
    0x0000513c   0x0000513c   0x00000002   Code   RO          313    i.SysTick_Handler   interrupt.o
    0x0000513e   0x0000513e   0x00000002   PAD
    0x00005140   0x00005140   0x00000110   Code   RO          566    i.Sys_State_Machine  state_machine.o
    0x00005250   0x00005250   0x00000008   Code   RO          169    i.SystemInit        hardware_init.o
    0x00005258   0x00005258   0x00000002   Code   RO          314    i.TIMER0_IRQHandler  interrupt.o
    0x0000525a   0x0000525a   0x00000002   PAD
    0x0000525c   0x0000525c   0x00000034   Code   RO          315    i.TIMER1_IRQHandler  interrupt.o
    0x00005290   0x00005290   0x000000ac   Code   RO         2269    i.TIM_TimerInit     lks32mc03x_timer.o
    0x0000533c   0x0000533c   0x00000034   Code   RO         2270    i.TIM_TimerStrutInit  lks32mc03x_timer.o
    0x00005370   0x00005370   0x000000a8   Code   RO          520    i.Task_Scheduler    task_scheduler.o
    0x00005418   0x00005418   0x0000001c   Code   RO          170    i.TempSensor_Init   hardware_init.o
    0x00005434   0x00005434   0x00000038   Code   RO         2369    i.Temp_circulation  user_app.o
    0x0000546c   0x0000546c   0x000001b4   Code   RO         2370    i.Temp_demarcate    user_app.o
    0x00005620   0x00005620   0x0000007c   Code   RO         1061    i.Trig_Functions    mc_math.o
    0x0000569c   0x0000569c   0x00000002   Code   RO          317    i.UART_IRQHandler   interrupt.o
    0x0000569e   0x0000569e   0x00000002   PAD
    0x000056a0   0x000056a0   0x00000034   Code   RO         2372    i.USER_APP_vTick10ms  user_app.o
    0x000056d4   0x000056d4   0x00000010   Code   RO         2373    i.USER_APP_vTick1ms  user_app.o
    0x000056e4   0x000056e4   0x0000000c   Code   RO         2374    i.USER_APP_vTick20ms  user_app.o
    0x000056f0   0x000056f0   0x0000014c   Code   RO         2375    i.USER_APP_vTick500ms  user_app.o
    0x0000583c   0x0000583c   0x0000009c   Code   RO         2376    i.USER_GPIO_Init    user_app.o
    0x000058d8   0x000058d8   0x0000005c   Code   RO         2377    i.USER_Init         user_app.o
    0x00005934   0x00005934   0x00000028   Code   RO          173    i.UTimer_init       hardware_init.o
    0x0000595c   0x0000595c   0x00000024   Code   RO         1107    i.User2AppAngleTrans  app2core.o
    0x00005980   0x00005980   0x00000020   Code   RO         1108    i.User2AppCurTrans  app2core.o
    0x000059a0   0x000059a0   0x00000020   Code   RO         1109    i.User2AppFreqTrans  app2core.o
    0x000059c0   0x000059c0   0x00000038   Code   RO         1110    i.User2AppVolTrans  app2core.o
    0x000059f8   0x000059f8   0x00000002   Code   RO          318    i.WAKE_IRQHandler   interrupt.o
    0x000059fa   0x000059fa   0x00000030   Code   RO         2934    i.__ARM_common_ll_mulss  LKS03x_FluxOBS_V2p16_0624.lib(fluxobserve.o)
    0x00005a2a   0x00005a2a   0x00000030   Code   RO         2932    i.__ARM_common_ll_muluu  LKS03x_FluxOBS_V2p16_0624.lib(fluxobserve.o)
    0x00005a5a   0x00005a5a   0x0000001a   Code   RO          663    i.__ARM_common_switch8  state_machine.o
    0x00005a74   0x00005a74   0x00000020   Code   RO          174    i.__NVIC_DisableIRQ  hardware_init.o
    0x00005a94   0x00005a94   0x00000018   Code   RO          175    i.__NVIC_EnableIRQ  hardware_init.o
    0x00005aac   0x00005aac   0x00000044   Code   RO          176    i.__NVIC_SetPriority  hardware_init.o
    0x00005af0   0x00005af0   0x00000034   Code   RO         2005    i.i2c_dma_delay_over  lks32mc03x_i2c.o
    0x00005b24   0x00005b24   0x00000040   Code   RO         2006    i.i2c_dma_init      lks32mc03x_i2c.o
    0x00005b64   0x00005b64   0x0000000c   Code   RO         2008    i.i2c_dma_state_over  lks32mc03x_i2c.o
    0x00005b70   0x00005b70   0x0000000c   Code   RO         2009    i.i2c_dma_state_start  lks32mc03x_i2c.o
    0x00005b7c   0x00005b7c   0x00000054   Code   RO         2010    i.i2c_dma_tx        lks32mc03x_i2c.o
    0x00005bd0   0x00005bd0   0x00000034   Code   RO         2552    i.lcd_init          lcd.o
    0x00005c04   0x00005c04   0x00000048   Code   RO         2553    i.lcd_show_all_clean  lcd.o
    0x00005c4c   0x00005c4c   0x00000044   Code   RO         2554    i.lcd_show_all_data  lcd.o
    0x00005c90   0x00005c90   0x00000060   Code   RO         2555    i.lcd_show_all_number  lcd.o
    0x00005cf0   0x00005cf0   0x0000001c   Code   RO         2556    i.lcd_show_constant_temperature  lcd.o
    0x00005d0c   0x00005d0c   0x0000000c   Code   RO         2557    i.lcd_show_ones     lcd.o
    0x00005d18   0x00005d18   0x0000001c   Code   RO         2558    i.lcd_show_speed    lcd.o
    0x00005d34   0x00005d34   0x00000064   Code   RO         2559    i.lcd_show_temp_gear  lcd.o
    0x00005d98   0x00005d98   0x00000038   Code   RO         1038    i.main              main.o
    0x00005dd0   0x00005dd0   0x00000014   Code   RO         2378    i.read_btn1_level   user_app.o
    0x00005de4   0x00005de4   0x00000024   Code   RO          481    i.sys_init          system_init.o
    0x00005e08   0x00005e08   0x00000018   Code   RO         2379    i.vLoadForFlashing  user_app.o
    0x00005e20   0x00005e20   0x000000b0   Code   RO         3179    x$fpl$fmul          fz_ps.l(fmul.o)
    0x00005ed0   0x00005ed0   0x00000000   Code   RO         3188    x$fpl$usenofp       fz_ps.l(usenofp.o)
    0x00005ed0   0x00005ed0   0x0000000a   Data   RO           17    .constdata          global_variable.o
    0x00005eda   0x00005eda   0x00000010   Data   RO           18    .constdata          global_variable.o
    0x00005eea   0x00005eea   0x00000002   PAD
    0x00005eec   0x00005eec   0x0000002c   Data   RO           19    .constdata          global_variable.o
    0x00005f18   0x00005f18   0x00000024   Data   RO           20    .constdata          global_variable.o
    0x00005f3c   0x00005f3c   0x000009c4   Data   RO          993    .constdata          heatcontrol.o
    0x00006900   0x00006900   0x00000200   Data   RO         1062    .constdata          mc_math.o
    0x00006b00   0x00006b00   0x0000000a   Data   RO         2561    .constdata          lcd.o
    0x00006b0a   0x00006b0a   0x00000080   Data   RO         3158    .constdata          fz_ps.l(ddiv.o)
    0x00006b8a   0x00006b8a   0x00000040   Data   RO         3173    .constdata          fz_ps.l(fdiv.o)
    0x00006bca   0x00006bca   0x00000002   PAD
    0x00006bcc   0x00006bcc   0x00000020   Data   RO         3355    Region$$Table       anon$$obj.o


    Execution Region RW_IRAM1 (Exec base: 0x20000000, Load base: 0x00006bec, Size: 0x00000d10, Max: 0x00001000, ABSOLUTE, COMPRESSED[0x00000024])

    Exec Addr    Load Addr    Size         Type   Attr      Idx    E Section Name        Object

    0x20000000   COMPRESSED   0x0000000c   Data   RW          568    .data               state_machine.o
    0x2000000c   COMPRESSED   0x0000000c   Data   RW          712    .data               fault_detection.o
    0x20000018   COMPRESSED   0x0000000c   Data   RW          994    .data               heatcontrol.o
    0x20000024   COMPRESSED   0x00000004   Data   RW         1201    .data               foc_drive.o
    0x20000028   COMPRESSED   0x00000001   Data   RW         2011    .data               lks32mc03x_i2c.o
    0x20000029   COMPRESSED   0x00000003   PAD
    0x2000002c   COMPRESSED   0x0000004c   Data   RW         2381    .data               user_app.o
    0x20000078   COMPRESSED   0x0000000a   Data   RW         2562    .data               lcd.o
    0x20000082   COMPRESSED   0x00000002   PAD
    0x20000084   COMPRESSED   0x00000004   Data   RW         2639    .data               button.o
    0x20000088   COMPRESSED   0x00000068   Data   RW         2852    .data               LKS03x_FluxOBS_V2p16_0624.lib(fluxobserve.o)
    0x200000f0   COMPRESSED   0x0000003e   Data   RW         2990    .data               LKS03x_FluxOBS_V2p16_0624.lib(onthefly.o)
    0x2000012e   COMPRESSED   0x00000002   PAD
    0x20000130        -       0x00000014   Zero   RW            3    .bss                global_variable.o
    0x20000144        -       0x00000010   Zero   RW            4    .bss                global_variable.o
    0x20000154        -       0x000000ec   Zero   RW            5    .bss                global_variable.o
    0x20000240        -       0x00000040   Zero   RW            6    .bss                global_variable.o
    0x20000280        -       0x00000044   Zero   RW            7    .bss                global_variable.o
    0x200002c4   COMPRESSED   0x00000004   PAD
    0x200002c8        -       0x00000058   Zero   RW            8    .bss                global_variable.o
    0x20000320        -       0x00000024   Zero   RW            9    .bss                global_variable.o
    0x20000344        -       0x00000018   Zero   RW           12    .bss                global_variable.o
    0x2000035c        -       0x00000020   Zero   RW           13    .bss                global_variable.o
    0x2000037c        -       0x00000020   Zero   RW           14    .bss                global_variable.o
    0x2000039c        -       0x00000020   Zero   RW           15    .bss                global_variable.o
    0x200003bc        -       0x00000020   Zero   RW           16    .bss                global_variable.o
    0x200003dc        -       0x0000000e   Zero   RW          567    .bss                state_machine.o
    0x200003ea   COMPRESSED   0x00000002   PAD
    0x200003ec        -       0x000000b6   Zero   RW          710    .bss                fault_detection.o
    0x200004a2   COMPRESSED   0x00000006   PAD
    0x200004a8        -       0x00000070   Zero   RW          855    .bss                powercalculation.o
    0x20000518        -       0x00000068   Zero   RW          992    .bss                heatcontrol.o
    0x20000580        -       0x00000074   Zero   RW         2380    .bss                user_app.o
    0x200005f4        -       0x000000b8   Zero   RW         2851    .bss                LKS03x_FluxOBS_V2p16_0624.lib(fluxobserve.o)
    0x200006ac        -       0x00000060   Zero   RW         3226    .bss                c_p.l(libspace.o)
    0x2000070c   COMPRESSED   0x00000004   PAD
    0x20000710        -       0x00000200   Zero   RW         2350    HEAP                startup_lks32mc03x.o
    0x20000910        -       0x00000400   Zero   RW         2349    STACK               startup_lks32mc03x.o


==============================================================================

Image component sizes


      Code (inc. data)   RO Data    RW Data    ZI Data      Debug   Object Name

       188         42          0          0          0       3366   app2core.o
       560         18          0          4          0       5408   button.o
      1704        204          0         12        182      11031   fault_detection.o
       484         58          0          4          0      10630   foc_drive.o
         0          0        106          0        680      53693   global_variable.o
      1022        124          0          0          0      19638   hardware_init.o
       720         66       2500         12        104       9186   heatcontrol.o
       412         78          0          0          0       7675   interrupt.o
       484         52         10         10          0       5978   lcd.o
       104          0          0          0          0       5612   lks32mc03x_adc.o
       288         18          0          0          0       3292   lks32mc03x_cmp.o
       156         10          0          0          0       3188   lks32mc03x_dma.o
       384         76          0          0          0       2548   lks32mc03x_flash.o
       398         28          0          0          0       5109   lks32mc03x_gpio.o
       116          8          0          0          0       2726   lks32mc03x_hall.o
       400         58          0          1          0       5809   lks32mc03x_i2c.o
       610         26          0          0          0       7669   lks32mc03x_mcpwm.o
       132         26          0          0          0       1874   lks32mc03x_sys.o
       224         10          0          0          0       3765   lks32mc03x_timer.o
        56         12          0          0          0        495   main.o
       144          8        512          0          0       3687   mc_math.o
       266          0          0          0          0       1912   pid_regulators.o
       120         10          0          0        112       3147   powercalculation.o
       110          0          0          0          0       1578   process_control.o
       176         34          0          0          0       2357   signalchain_sample.o
        68         32        192          0       1536        692   startup_lks32mc03x.o
      2342        368          0         12         14      12774   state_machine.o
       392         64          0          0          0       2356   system_init.o
       192         24          0          0          0       3085   task_scheduler.o
      3500        716          0         76        116      18661   user_app.o

    ----------------------------------------------------------------------
     15776       2170       3354        136       2756     218941   Object Totals
         0          0         32          0          0          0   (incl. Generated)
        24          0          2          5         12          0   (incl. Padding)

    ----------------------------------------------------------------------

      Code (inc. data)   RO Data    RW Data    ZI Data      Debug   Library Member Name

      2760        284          0        104        184      11555   fluxobserve.o
       316          6          0          0          0      15508   lib_svpwm.o
         0          0          0         62          0       4119   onthefly.o
        58          0          0          0          0          0   __dczerorl.o
         8          0          0          0          0         68   __main.o
         0          0          0          0          0          0   __rtentry.o
        12          0          0          0          0          0   __rtentry2.o
         6          0          0          0          0          0   __rtentry4.o
        60          8          0          0          0          0   __scatter.o
        28          0          0          0          0          0   __scatter_zi.o
       346          0          0          0          0         92   aeabi_sdiv.o
        16          0          0          0          0         68   exit.o
         6          0          0          0          0        136   heapauxi.o
         0          0          0          0          0          0   indicate_semi.o
         2          0          0          0          0          0   libinit.o
         2          0          0          0          0          0   libinit2.o
         2          0          0          0          0          0   libshutdown.o
         2          0          0          0          0          0   libshutdown2.o
         8          4          0          0         96         68   libspace.o
        48          0          0          0          0         72   llmul.o
       112          0          0          0          0         72   llsdiv.o
        32          0          0          0          0         68   llshl.o
        38          0          0          0          0         68   llsshr.o
       258          0          0          0          0         88   lludiv.o
        64          0          0          0          0        108   rt_memclr.o
       186          0          0          0          0        144   rt_memcpy.o
         2          0          0          0          0          0   rtexit.o
        10          0          0          0          0          0   rtexit2.o
        12          4          0          0          0         60   sys_exit.o
        62          0          0          0          0         80   sys_stackheap_outer.o
         2          0          0          0          0         68   use_no_semi.o
       124          4          0          0          0         72   d2f.o
       856         20          0          0          0        208   daddsub.o
      1096         26        128          0          0        112   ddiv.o
       108         10          0          0          0         72   dfixi.o
        72          4          0          0          0         68   dfixui.o
        88          0          0          0          0         92   dflti.o
       132          4          0          0          0        100   dfltl.o
       584         26          0          0          0         84   dmul.o
        84          4          0          0          0         60   f2d.o
       352         10         64          0          0         92   fdiv.o
        76          0          0          0          0         68   ffixi.o
        94          0          0          0          0         92   fflti.o
       176          4          0          0          0         80   fmul.o
         0          0          0          0          0          0   usenofp.o

    ----------------------------------------------------------------------
      8304        418        194        168        284      33642   Library Totals
         4          0          2          2          4          0   (incl. Padding)

    ----------------------------------------------------------------------

      Code (inc. data)   RO Data    RW Data    ZI Data      Debug   Library Name

      3076        290          0        166        184      31182   LKS03x_FluxOBS_V2p16_0624.lib
      1382         16          0          0         96       1260   c_p.l
      3842        112        192          0          0       1200   fz_ps.l

    ----------------------------------------------------------------------
      8304        418        194        168        284      33642   Library Totals

    ----------------------------------------------------------------------

==============================================================================


      Code (inc. data)   RO Data    RW Data    ZI Data      Debug   

     24080       2588       3548        304       3040     244375   Grand Totals
     24080       2588       3548         36       3040     244375   ELF Image Totals (compressed)
     24080       2588       3548         36          0          0   ROM Totals

==============================================================================

    Total RO  Size (Code + RO Data)                27628 (  26.98kB)
    Total RW  Size (RW Data + ZI Data)              3344 (   3.27kB)
    Total ROM Size (Code + RO Data + RW Data)      27664 (  27.02kB)

==============================================================================

